Starting Dynare (version 6.2).
Calling Dynare with arguments: none
Starting preprocessing of the model file ... 
Substitution of endo lags >= 2: added 1 auxiliary variables and equations. 
Found 51 equation(s). 
Evaluating expressions... 
Computing static model derivatives (order 1). 
Normalizing the static model... 
Normalization failed with cutoff, trying symbolic normalization... 
Could not normalize the static model. Variable p_c is not in the maximum cardinality matching. 
Computing dynamic model derivatives (order 2). 
Normalizing the dynamic model... 
Finding the optimal block decomposition of the dynamic model... 
7 block(s) found: 
  5 recursive block(s) and 2 simultaneous block(s). 
  the largest simultaneous block has 28 equation(s) 
                                 and 25 feedback variable(s). 
Preprocessing completed. 
Preprocessing time: 0h00m02s.
[Warning: Some of the parameters have no value (theta_el, phi_g, gybar, w_glc, w_gld, w_glwc, w_glwd, phi_gy, w_gcc, w_gcd, w_gcwc,
w_gcwd, w_gf) when using steady. If these parameters are not initialized in a steadystate file or a steady_state_model-block, Dynare
may not be able to solve the model. Note that simul, perfect_foresight_setup, and perfect_foresight_solver do not automatically call
the steady state file.] 

STEADY-STATE RESULTS:

c                 		 0
c_r               		 0
c_o               		 0
d                 		 0
i                 		 0
q                 		 0
y                 		 0
yd                		 0
yc                		 0
nd                		 0
nc                		 0
phi_c             		 0
phi_d             		 0
wc                		 0
wd                		 0
pi                		 0
pi_c              		 0
pi_d              		 0
r                 		 0
xc                		 0
xd                		 0
mu                		 0
K                 		 0
Q                 		 0
rk                		 0
IC                		 0
rr                		 0
p_c               		 0
p_d               		 0
b                 		 0
kg                		 0
n                 		 0
ac                		 0
ad                		 0
dd                		 0
GL                		 0
GC                		 0
IGL               		 0
IGC               		 0
td                		 0
twc               		 0
twd               		 0
ti                		 0
tr                		 0
T                 		 0
pr                		 0
tc                		 0
tp                		 0
p                 		 0
W                 		 0

EIGENVALUES:
         Modulus             Real        Imaginary
               0                0                0
               0                0                0
               0                0                0
               0                0                0
               0                0                0
       2.711e-17        2.711e-17                0
       0.0002856        0.0002856                0
       0.0002856        0.0002856                0
         0.01029         -0.01029                0
          0.2356          -0.2356                0
          0.2604           0.2358           0.1105
          0.2604           0.2358          -0.1105
          0.2913          -0.2913                0
          0.3408           0.3408                0
          0.3739           0.3739                0
          0.3842           0.1681           0.3455
          0.3842           0.1681          -0.3455
          0.4096           0.4096                0
          0.4336           0.4336                0
          0.5097           0.5097                0
           0.567           -0.567                0
          0.8325          -0.8325                0
          0.8448           0.8448                0
          0.9214           0.9214                0
            0.95             0.95                0
               1                1                0
               1                1                0
           1.118            1.102           0.1884
           1.118            1.102          -0.1884
           1.131            1.131                0
           1.454            1.454                0
           1.865            1.865                0
           21.22            21.22                0
           47.25           -47.25                0
       2.795e+17       -2.795e+17                0
         3.6e+18         -3.6e+18                0
       2.173e+19       -2.173e+19                0
        1.14e+20         1.14e+20                0

There are 11 eigenvalue(s) larger than 1 in modulus for 11 forward-looking variable(s)
The rank condition is verified.

[Warning: Some of the parameters have no value (theta_el, phi_g, gybar, w_glc, w_gld, w_glwc, w_glwd, phi_gy, w_gcc, w_gcd, w_gcwc,
w_gcwd, w_gf) when using stoch_simul. If these parameters are not initialized in a steadystate file or a steady_state_model-block,
Dynare may not be able to solve the model. Note that simul, perfect_foresight_setup, and perfect_foresight_solver do not
automatically call the steady state file.] 

MODEL SUMMARY

  Number of variables:         51
  Number of stochastic shocks: 6
  Number of state variables:   27
  Number of jumpers:           11
  Number of static variables:  18


MATRIX OF COVARIANCE OF EXOGENOUS SHOCKS
Variables      eps_ac    eps_ad     eps_g    eps_gc   eps_igl   eps_igc
eps_ac       0.000609  0.000000  0.000000  0.000000  0.000000  0.000000
eps_ad       0.000000  0.002032  0.000000  0.000000  0.000000  0.000000
eps_g        0.000000  0.000000  0.000805  0.000000  0.000000  0.000000
eps_gc       0.000000  0.000000  0.000000  0.001618  0.000000  0.000000
eps_igl      0.000000  0.000000  0.000000  0.000000  0.035300  0.000000
eps_igc      0.000000  0.000000  0.000000  0.000000  0.000000  0.050301

POLICY AND TRANSITION FUNCTIONS
                                   c             c_r             c_o               d               i               q               y              yd              yc              nd              nc           phi_c           phi_d              wc              wd              pi            pi_c            pi_d               r              xc              xd              mu               K               Q              rk              IC              rr             p_c             p_d               b              kg               n              ac              ad              dd              GL              GC             IGL             IGC              td             twc             twd              ti              tr               T              pr              tc              tp               p               W
d(-1)                       0.138649       -0.056195        0.268545        0.801015       -2.979706        0.015460       -0.035358       -0.073751       -0.033337       -0.073751       -0.055562        0.080935        0.015874       -0.002733       -0.002733       -0.077160       -0.079479       -0.064019       -0.071106       -0.022043       -0.018193       -0.244063        0.012178        0.140940       -0.058296        0.243561       -0.093956       -0.079479       -0.064019       -7.707172               0       -0.057063               0               0               0               0               0               0               0               0               0               0               0       -0.493103               0               0               0               0       -0.077160       -0.024327
q(-1)                       0.011111        0.051226       -0.015632       -0.002461       -0.049216        0.188159        0.002198       -0.199965        0.012839       -0.199965        0.021398        0.022875       -0.724537        0.034472        0.034472        0.034922        0.156698       -0.655143        0.028144        0.040238       -0.153687       -0.001212       -0.000754       -0.019358        0.055870       -0.015084        0.061484        0.156698       -0.655143       -2.742504               0        0.003135               0               0               0               0               0               0               0               0               0               0               0       -0.292476               0               0               0               0        0.034922        0.022175
r(-1)                      -0.079475       -0.304527        0.070560       -0.000927       -0.018537        0.008154       -0.042312       -0.077063       -0.040483       -0.077063       -0.067471        0.592152        0.256388       -0.249458       -0.249458       -0.913737       -0.914960       -0.906806        0.218056       -0.260600       -0.257612       -0.000047        0.002260        0.098004       -0.316929        0.045193       -0.147969       -0.914960       -0.906806       -2.524821               0       -0.068262               0               0               0               0               0               0               0               0               0               0               0        0.465001               0               0               0               0       -0.913737       -0.131828
K(-1)                       0.623769        0.160170        0.932835       -0.134887       -2.697744        0.325212        0.242416       -0.497044        0.281335       -0.497044       -0.114442       -0.109727       -0.009152        0.285582        0.285582       -0.441179       -0.489960       -0.164748       -0.276521       -0.118752       -0.039630        0.317666        0.952688        0.078279       -0.828860        0.053765       -0.152860       -0.489960       -0.164748      -35.282061               0       -0.146007               0               0               0               0               0               0               0               0               0               0               0       -2.366040               0               0               0               0       -0.441179        0.069337
p_c(-1)                    -0.073243       -0.277904        0.063199       -0.000915       -0.018305        0.007457       -0.038486       -0.070140       -0.036820       -0.070140       -0.061367        0.690505       -0.615807       -0.227855       -0.227855       -0.047052       -0.898170       -0.890713       -0.048311       -0.237941       -0.235312        0.000014        0.002304        0.086571       -0.289222        0.046073       -0.121227        0.101830       -0.890713       -7.996915               0       -0.062091               0               0               0               0               0               0               0               0               0               0               0        0.152124               0               0               0               0       -0.047052       -0.120303
p_d(-1)                    -0.012925       -0.049042        0.011153       -0.000162       -0.003230        0.001316       -0.006792       -0.012378       -0.006498       -0.012378       -0.010830       -0.054617        0.891328       -0.040210       -0.040210       -0.008303       -0.158501       -0.157185       -0.008525       -0.041990       -0.041526        0.000002        0.000407        0.015277       -0.051039        0.008130       -0.021393       -0.158501        0.842815        3.759663               0       -0.010957               0               0               0               0               0               0               0               0               0               0               0        0.350316               0               0               0               0       -0.008303       -0.021230
b(-1)                              0               0               0               0               0               0               0               0               0               0               0               0               0               0               0               0               0               0               0               0               0               0               0               0               0               0               0               0               0       -0.566991               0               0               0               0               0               0               0               0               0               0               0               0               0               0        0.118812               0               0               0               0               0
kg(-1)                      0.066052        0.025191        0.093293       -0.011482       -0.229649        0.044275        0.039203       -0.061271        0.044491       -0.061271       -0.009182       -0.015798        0.001628        0.036006        0.036006       -0.070711       -0.077353       -0.033077       -0.044218       -0.019008       -0.008270        0.041405        0.004460        0.046206        0.026824        0.089209       -0.028670       -0.077353       -0.033077       -4.012277        0.950000       -0.013480               0               0               0               0               0               0               0               0               0               0               0       -0.252182               0               0               0               0       -0.070711        0.010905
ac(-1)                     -0.012215       -0.004051       -0.017657        0.000925        0.018491       -0.008639       -0.008120        0.012020       -0.009180        0.012020        0.001856        0.000784       -0.001153       -0.006191       -0.006191        0.015358        0.016654        0.008014        0.009719        0.005063        0.002449       -0.000591       -0.000697       -0.017596       -0.004334       -0.013943        0.020652        0.016654        0.008014        0.797676               0        0.002695       -0.010294               0               0               0               0               0               0               0               0               0               0        0.046190               0               0               0               0        0.015358       -0.001754
ad(-1)                      0.008379       -0.005793        0.017828        0.017091        0.341822       -0.287275        0.024207        0.693547       -0.011022        0.319601       -0.018370        0.051886        0.121301        0.008462        0.008462       -0.041253        0.001838       -0.285437       -0.025407        0.001609       -0.078210       -0.007889        0.000833        0.009737       -0.009908        0.016652       -0.019769        0.001838       -0.285437       -3.707515               0        0.009513               0        0.373946               0               0               0               0               0               0               0               0               0       -0.107780               0               0               0               0       -0.041253       -0.002508
dd(-1)                             0               0       -0.000002               0        0.000020               0               0               0               0               0               0       -0.000001               0               0               0        0.000001        0.000001        0.000001        0.000001               0               0        0.000025               0       -0.000002               0       -0.000001        0.000002        0.000001        0.000001        0.000060               0               0               0               0        0.000286               0               0               0               0               0               0               0               0        0.000003               0               0               0               0        0.000001               0
GL(-1)                     -0.046814        0.029667       -0.097801        0.005047        0.100941       -0.005663        0.013923        0.028582        0.013151        0.028582        0.021919       -0.047617       -0.013704        0.008890        0.008890        0.054410        0.055260        0.049597        0.046921        0.016117        0.014553       -0.006175       -0.004797       -0.084953        0.030809       -0.095936        0.074994        0.055260        0.049597       27.234814               0        0.022469               0               0               0        0.433644               0               0               0               0               0               0               0        2.120801               0               0               0               0        0.054410        0.012842
GC(-1)                      0.066489       -0.070015        0.157493       -0.003262       -0.065235        0.008900       -0.024940       -0.049853       -0.023629       -0.049853       -0.039382        0.120579        0.040955       -0.033390       -0.033390       -0.123345       -0.124680       -0.115780       -0.104429       -0.045504       -0.042290        0.001643        0.004384        0.167223       -0.072772        0.087682       -0.312721       -0.124680       -0.115780      -40.941515               0       -0.040246               0               0               0               0       -0.832495               0               0               0               0               0               0       -0.213338               0               0               0               0       -0.123345       -0.030309
IGL(-1)                    -0.004336        0.003016       -0.009238        0.000364        0.007281       -0.000518        0.001339        0.002720        0.001266        0.002720        0.002111       -0.004923       -0.001463        0.001023        0.001023        0.005558        0.005636        0.005118        0.004769        0.001710        0.001541        0.000013       -0.000436       -0.008934        0.003133       -0.008713        0.008637        0.005636        0.005118        2.596027        0.008429        0.002161               0               0               0               0               0        0.340844               0               0               0               0               0        0.201531               0               0               0               0        0.005558        0.001306
IGC(-1)                     0.003032       -0.002706        0.006858       -0.000162       -0.003242        0.000381       -0.001047       -0.002101       -0.000991       -0.002101       -0.001652        0.004576        0.001484       -0.001160       -0.001160       -0.004963       -0.005020       -0.004639       -0.004215       -0.001680       -0.001541       -0.000057        0.000239        0.007208       -0.002812        0.004771       -0.010155       -0.005020       -0.004639       -1.850451       -0.005954       -0.001689               0               0               0               0               0               0       -0.235596               0               0               0               0       -0.009992               0               0               0               0       -0.004963       -0.001172
p(-1)                       0.086168        0.326946       -0.074351        0.001077        0.021535       -0.008773        0.045278        0.082518        0.043318        0.082518        0.072197       -0.635888       -0.275521        0.268064        0.268064        0.055355        1.056671        1.047898        0.056836        0.279930        0.276837       -0.000016       -0.002710       -0.101848        0.340261       -0.054203        0.142621        1.056671        1.047898        4.237252               0        0.073048               0               0               0               0               0               0               0               0               0               0               0       -0.502440               0               0               0               0        1.055355        0.141533
r(-2)                       0.043768        0.166068       -0.037766        0.000547        0.010938       -0.004456        0.022998        0.041914        0.022003        0.041914        0.036671       -0.322991       -0.139947        0.136160        0.136160        0.536053        0.536722        0.532266        0.028869        0.142187        0.140616       -0.000008       -0.001377       -0.051732        0.172831       -0.027532        0.072442        0.536722        0.532266        2.152255               0        0.037104               0               0               0               0               0               0               0               0               0               0               0       -0.255208               0               0               0               0        0.536053        0.071890
pi_c(-1)                   -0.064269       -0.237196        0.051017        0.004454        0.089079       -0.141321       -0.028393        0.107057       -0.035522        0.107057       -0.059204        0.483374        0.069522       -0.189646       -0.189646       -0.039076       -0.017878       -0.159199       -0.039077       -0.200885       -0.048324       -0.000580        0.002068        0.048288       -0.248849        0.041366       -0.071292       -0.017878       -0.159199       -3.594384               0       -0.045487               0               0               0               0               0               0               0               0               0               0               0        0.330579               0               0               0               0       -0.039076       -0.102681
pi_d(-1)                    0.002057       -0.002152        0.004864       -0.006552       -0.131031        0.148060       -0.004916       -0.168071        0.003671       -0.168071        0.006118       -0.018054        0.132211       -0.006360       -0.006360        0.011027       -0.011182        0.136878        0.007245       -0.003901       -0.154420        0.002238        0.000161        0.006470       -0.000242        0.003217        0.006022       -0.011182        0.136878        0.508238               0       -0.008253               0               0               0               0               0               0               0               0               0               0               0        0.034024               0               0               0               0        0.011027       -0.000932
IC(-1)                     -0.083057        0.050139       -0.171854        0.007568        0.151365       -0.009502        0.024226        0.049352        0.022904        0.049352        0.038173       -0.079812       -0.021974        0.013897        0.013897        0.090810        0.092235        0.082733        0.078599        0.026563        0.023399        0.009755        0.025672       -0.206122        0.052070        0.513440        0.118726        0.092235        0.082733        5.199128               0        0.039095               0               0               0               0               0               0               0               0               0               0               0        0.286632               0               0               0               0        0.090810        0.021705
pr(-1)                      0.000049        0.000057        0.000044       -0.000002       -0.000050        0.000001        0.000002        0.000001        0.000002        0.000001        0.000003       -0.000118       -0.000055        0.000057        0.000057        0.000177        0.000176        0.000178        0.000140        0.000055        0.000055       -0.000003       -0.000010       -0.000237        0.000060       -0.000193        0.000285        0.000176        0.000178       -0.000034               0        0.000003               0               0               0               0               0               0               0               0               0               0               0       -0.000217               0        0.000286               0               0        0.000177        0.000025
tc(-1)                     -0.027272       -0.074851        0.004448       -0.000040       -0.000798        0.003520       -0.008662       -0.017778       -0.008182       -0.017778       -0.013636        0.029687        0.008554       -0.005562       -0.005562       -0.033839       -0.034367       -0.030846       -0.029181       -0.010056       -0.009082        0.002138        0.002946        0.052724       -0.019198        0.058927       -0.047165       -0.034367       -0.030846      -18.197512               0       -0.013978               0               0               0               0               0               0               0               0               0               0               0       -1.321594               0               0        0.409600               0       -0.033839       -0.008003
eps_ac                      1.186581        0.393554        1.715265       -0.089815       -1.796304        0.839252        0.788833       -1.167677        0.891807       -1.167677       -0.180322       -0.076182        0.111992        0.601372        0.601372       -1.491924       -1.617812       -0.778560       -0.944157       -0.491809       -0.237880        0.057457        0.067726        1.709320        0.421050        1.354523       -2.006222       -1.617812       -0.778560      -77.489365               0       -0.261779        1.000000               0               0               0               0               0               0               0               0               0               0       -4.487090               0               0               0               0       -1.491924        0.170367
eps_ad                      0.022408       -0.015492        0.047675        0.045705        0.914095       -0.768226        0.064733        1.854671       -0.029474        0.854671       -0.049124        0.138752        0.324381        0.022628        0.022628       -0.110319        0.004915       -0.763311       -0.067942        0.004303       -0.209147       -0.021096        0.002227        0.026038       -0.026496        0.044530       -0.052867        0.004915       -0.763311       -9.914574               0        0.025439               0        1.000000               0               0               0               0               0               0               0               0               0       -0.288222               0               0               0               0       -0.110319       -0.006706
eps_g                      -0.107955        0.068412       -0.225533        0.011639        0.232775       -0.013060        0.032107        0.065910        0.030327        0.065910        0.050546       -0.109807       -0.031602        0.020501        0.020501        0.125473        0.127432        0.114372        0.108201        0.037167        0.033561       -0.014239       -0.011062       -0.195906        0.071047       -0.221233        0.172940        0.127432        0.114372       62.804544               0        0.051813               0               0               0        1.000000               0               0               0               0               0               0               0        4.890650               0               0               0               0        0.125473        0.029615
eps_gc                     -0.079868        0.084103       -0.189181        0.003918        0.078361       -0.010691        0.029958        0.059884        0.028383        0.059884        0.047306       -0.144841       -0.049196        0.040108        0.040108        0.148163        0.149767        0.139076        0.125441        0.054660        0.050800       -0.001973       -0.005266       -0.200870        0.087414       -0.105325        0.375643        0.149767        0.139076       49.179292               0        0.048343               0               0               0               0        1.000000               0               0               0               0               0               0        0.256263               0               0               0               0        0.148163        0.036408
eps_igl                    -0.012723        0.008850       -0.027104        0.001068        0.021362       -0.001519        0.003928        0.007979        0.003715        0.007979        0.006192       -0.014442       -0.004292        0.003001        0.003001        0.016308        0.016536        0.015017        0.013992        0.005018        0.004520        0.000037       -0.001278       -0.026210        0.009193       -0.025564        0.025340        0.016536        0.015017        7.616466        0.024729        0.006339               0               0               0               0               0        1.000000               0               0               0               0               0        0.591271               0               0               0               0        0.016308        0.003831
eps_igc                    -0.012870        0.011487       -0.029108        0.000688        0.013763       -0.001618        0.004444        0.008917        0.004208        0.008917        0.007014       -0.019424       -0.006299        0.004924        0.004924        0.021066        0.021309        0.019691        0.017890        0.007132        0.006541        0.000243       -0.001013       -0.030595        0.011937       -0.020252        0.043103        0.021309        0.019691        7.854342        0.025271        0.007171               0               0               0               0               0               0        1.000000               0               0               0               0        0.042412               0               0               0               0        0.021066        0.004973


THEORETICAL MOMENTS
VARIABLE         MEAN  STD. DEV.   VARIANCE
c              0.0000     0.0307     0.0009
c_r            0.0000     0.0292     0.0009
c_o            0.0000     0.0482     0.0023
d              0.0000     0.0092     0.0001
i              0.0000     0.0657     0.0043
q              0.0000     0.0485     0.0024
y              0.0000     0.0206     0.0004
yd             0.0000     0.1004     0.0101
yc             0.0000     0.0229     0.0005
nd             0.0000     0.0567     0.0032
nc             0.0000     0.0100     0.0001
phi_c             NaN        NaN        NaN
phi_d             NaN        NaN        NaN
wc             0.0000     0.0255     0.0006
wd             0.0000     0.0255     0.0006
pi             0.0000     0.0534     0.0028
pi_c           0.0000     0.0564     0.0032
pi_d           0.0000     0.0541     0.0029
r              0.0000     0.0262     0.0007
xc             0.0000     0.0252     0.0006
xd             0.0000     0.0217     0.0005
mu             0.0000     0.0055     0.0000
K              0.0000     0.0096     0.0001
Q              0.0000     0.0487     0.0024
rk             0.0000     0.0304     0.0009
IC             0.0000     0.0402     0.0016
rr             0.0000     0.0609     0.0037
p_c               NaN        NaN        NaN
p_d               NaN        NaN        NaN
b                 NaN        NaN        NaN
kg             0.0000     0.0267     0.0007
n              0.0000     0.0105     0.0001
ac             0.0000     0.0247     0.0006
ad             0.0000     0.0486     0.0024
dd             0.0000     0.0000     0.0000
GL             0.0000     0.0315     0.0010
GC             0.0000     0.0726     0.0053
IGL            0.0000     0.1999     0.0399
IGC            0.0000     0.2308     0.0533
td             0.0000     0.0000     0.0000
twc            0.0000     0.0000     0.0000
twd            0.0000     0.0000     0.0000
ti             0.0000     0.0000     0.0000
tr                NaN        NaN        NaN
T                 NaN        NaN        NaN
pr             0.0000     0.0000     0.0000
tc             0.0000     0.0000     0.0000
tp             0.0000     0.0000     0.0000
p                 NaN        NaN        NaN
W              0.0000     0.0126     0.0002



VARIANCE DECOMPOSITION (in percent)
         eps_ac   eps_ad    eps_g   eps_gc  eps_igl  eps_igc
c         94.19     0.40     1.48     2.04     0.83     1.06
c_r       68.48     0.28     0.80    26.89     0.70     2.84
c_o       82.29     0.50     2.05    11.59     1.21     2.36
d         57.87    32.84     5.71     0.25     2.16     1.17
i         46.80    49.77     1.19     1.30     0.49     0.44
q         20.41    79.40     0.06     0.02     0.06     0.04
y         93.39     2.54     0.37     2.88     0.36     0.46
yd         8.47    90.96     0.06     0.39     0.04     0.07
yc        96.23     0.61     0.32     2.14     0.33     0.37
nd        26.56    71.67     0.18     1.24     0.12     0.22
nc        54.37     8.00     2.10    30.02     1.40     4.11
wc        80.43     0.32     0.57    16.48     0.49     1.71
wd        80.43     0.32     0.57    16.48     0.49     1.71
pi        77.31     0.92     0.61    18.36     0.52     2.29
pi_c      79.64     0.49     0.56    16.72     0.48     2.10
pi_d      30.61    50.37     0.51    16.15     0.43     1.93
r         80.03     3.36     1.85    11.05     1.21     2.50
xc        75.45     0.05     0.46    21.37     0.42     2.25
xd        37.47    33.36     0.53    25.61     0.46     2.57
mu        73.98     9.58     8.70     0.31     4.76     2.66
K         80.78     5.17     9.69     0.45     2.84     1.08
Q         81.63     0.07     1.33    13.39     1.04     2.53
rk        68.21     0.70     1.08    26.35     0.87     2.79
IC        85.34     1.70     5.97     2.56     2.91     1.52
rr        69.95     0.41     0.67    25.39     0.62     2.97
kg         0.00     0.00     0.00     0.00    68.91    31.09
n         63.24     1.76     2.04    27.78     1.33     3.85
ac       100.00     0.00     0.00     0.00     0.00     0.00
ad         0.00   100.00     0.00     0.00     0.00     0.00
dd         9.91     0.17     4.76    75.86     2.22     7.08
GL         0.00     0.00   100.00     0.00     0.00     0.00
GC         0.00     0.00     0.00   100.00     0.00     0.00
IGL        0.00     0.00     0.00     0.00   100.00     0.00
IGC        0.00     0.00     0.00     0.00     0.00   100.00
td         9.91     0.17     4.76    75.86     2.22     7.08
twc        9.91     0.17     4.76    75.86     2.22     7.08
twd        9.91     0.17     4.76    75.86     2.22     7.08
ti         9.91     0.17     4.76    75.86     2.22     7.08
pr        95.78     0.69     1.12     0.59     0.02     1.80
tc         7.61     3.03     5.37    67.27     3.99    12.73
tp          NaN      NaN      NaN      NaN      NaN      NaN
W         68.48     0.28     0.80    26.89     0.70     2.84



MATRIX OF CORRELATIONS
Variables          c      c_r      c_o        d        i        q        y       yd       yc       nd       nc       wc       wd       pi     pi_c     pi_d        r       xc       xd       mu        K        Q       rk       IC       rr       kg        n       ac       ad       GL       GC      IGL      IGC        W
c             1.0000   0.3412   0.9253  -0.3341  -0.6689   0.4014   0.9111  -0.2583   0.9220  -0.4893  -0.4845   0.6082   0.6082  -0.6795  -0.6930  -0.3744  -0.9510  -0.4386  -0.2676   0.3819   0.3227   0.8866   0.3031   0.8728  -0.8564   0.0061  -0.6397   0.9520   0.0373  -0.1112  -0.1364  -0.0782  -0.0953   0.3412
c_r           0.3412   1.0000  -0.0408  -0.2495  -0.1271   0.2686   0.5481  -0.1072   0.5435  -0.1587   0.6312   0.9514   0.9514   0.4300   0.4103   0.4047  -0.1122   0.6570   0.5975   0.2953   0.2404  -0.1045   0.9501   0.3521   0.1560   0.0541   0.4800   0.3261  -0.0362   0.0430   0.4789   0.0439   0.1154   1.0000
c_o           0.9253  -0.0408   1.0000  -0.2545  -0.6597   0.3182   0.7473  -0.2313   0.7607  -0.4561  -0.7697   0.2626   0.2626  -0.8958  -0.9022  -0.5612  -0.9657  -0.7313  -0.5256   0.2868   0.2460   0.9846  -0.0612   0.7857  -0.9733  -0.0153  -0.8736   0.8804   0.0543  -0.1355  -0.3382  -0.1008  -0.1479  -0.0408
d            -0.3341  -0.2495  -0.2545   1.0000   0.3150  -0.5335  -0.2852   0.4721  -0.3788   0.5276  -0.0512  -0.2911  -0.2911   0.1241   0.1166   0.1271   0.2216   0.0460   0.0452  -0.9288  -0.7251  -0.1501  -0.0368  -0.2539   0.1506  -0.0701   0.1895  -0.2385   0.3597   0.0630   0.0224   0.0280   0.0161  -0.2495
i            -0.6689  -0.1271  -0.6597   0.3150   1.0000  -0.8462  -0.5029   0.8228  -0.6658   0.8994   0.2729  -0.2809  -0.2809   0.5166   0.5861  -0.0652   0.5766   0.4395   0.1046  -0.3227  -0.1647  -0.6582  -0.1289  -0.5519   0.6120  -0.0217   0.6371  -0.6754   0.6504   0.1039   0.1124   0.0532   0.0554  -0.1271
q             0.4014   0.2686   0.3182  -0.5335  -0.8462   1.0000   0.2939  -0.9722   0.5023  -0.9845   0.1209   0.2986   0.2986  -0.1662  -0.2206   0.2102  -0.2436  -0.1250   0.0417   0.4203   0.1385   0.3210   0.2667   0.3265  -0.2767   0.0217  -0.3315   0.4257  -0.8598  -0.0107  -0.0148  -0.0048  -0.0083   0.2686
y             0.9111   0.5481   0.7473  -0.2852  -0.5029   0.2939   1.0000  -0.1164   0.9734  -0.3404  -0.2533   0.7612   0.7612  -0.5006  -0.5090  -0.2855  -0.8092  -0.2512  -0.1155   0.3551   0.3162   0.6976   0.5057   0.8136  -0.6422   0.0637  -0.3719   0.9425   0.1568   0.0361   0.1643   0.0358   0.0539   0.5481
yd           -0.2583  -0.1072  -0.2313   0.4721   0.8228  -0.9722  -0.1164   1.0000  -0.3407   0.9603  -0.0998  -0.1135  -0.1135   0.1424   0.2075  -0.2894   0.1288   0.1634  -0.0786  -0.3493  -0.0702  -0.2484  -0.1176  -0.1848   0.2122  -0.0076   0.3391  -0.2867   0.9455   0.0193   0.0613   0.0132   0.0228  -0.1072
yc            0.9220   0.5435   0.7607  -0.3788  -0.6658   0.5023   0.9734  -0.3407   1.0000  -0.5436  -0.2168   0.7467   0.7467  -0.5067  -0.5296  -0.2035  -0.7957  -0.2754  -0.0912   0.4167   0.3155   0.7176   0.5058   0.8128  -0.6568   0.0621  -0.4303   0.9582  -0.0695   0.0297   0.1414   0.0308   0.0458   0.5435
nd           -0.4893  -0.1587  -0.4561   0.5276   0.8994  -0.9845  -0.3404   0.9603  -0.5436   1.0000   0.0551  -0.2363  -0.2363   0.3311   0.3826  -0.0827   0.3648   0.2888   0.0927  -0.4189  -0.1466  -0.4625  -0.1586  -0.3958   0.4230  -0.0135   0.4918  -0.5077   0.8171   0.0341   0.1086   0.0234   0.0404  -0.1587
nc           -0.4845   0.6312  -0.7697  -0.0512   0.2729   0.1209  -0.2533  -0.0998  -0.2168   0.0551   1.0000   0.3624   0.3624   0.9278   0.9095   0.7288   0.6778   0.9231   0.7618   0.0219  -0.0414  -0.7903   0.6209  -0.3816   0.8191   0.0467   0.8965  -0.4498  -0.2705   0.1321   0.5306   0.1054   0.1815   0.6312
wc            0.6082   0.9514   0.2626  -0.2911  -0.2809   0.2986   0.7612  -0.1135   0.7467  -0.2363   0.3624   1.0000   1.0000   0.1435   0.1257   0.2012  -0.4070   0.4171   0.4140   0.3545   0.3066   0.1947   0.8958   0.5788  -0.1435   0.0467   0.2111   0.5770   0.0412  -0.0010   0.3621   0.0108   0.0660   0.9514
wd            0.6082   0.9514   0.2626  -0.2911  -0.2809   0.2986   0.7612  -0.1135   0.7467  -0.2363   0.3624   1.0000   1.0000   0.1435   0.1257   0.2012  -0.4070   0.4171   0.4140   0.3545   0.3066   0.1947   0.8958   0.5788  -0.1435   0.0467   0.2111   0.5770   0.0412  -0.0010   0.3621   0.0108   0.0660   0.9514
pi           -0.6795   0.4300  -0.8958   0.1241   0.5166  -0.1662  -0.5006   0.1424  -0.5067   0.3311   0.9278   0.1435   0.1435   1.0000   0.9929   0.7110   0.7930   0.9496   0.7471  -0.1335  -0.1145  -0.9088   0.4264  -0.5475   0.9076  -0.0003   0.9560  -0.6949  -0.0921   0.0498   0.4039   0.0422   0.1137   0.4300
pi_c         -0.6930   0.4103  -0.9022   0.1166   0.5861  -0.2206  -0.5090   0.2075  -0.5296   0.3826   0.9095   0.1257   0.1257   0.9929   1.0000   0.6223   0.7953   0.9465   0.6810  -0.1322  -0.1071  -0.9172   0.4028  -0.5496   0.9113  -0.0005   0.9629  -0.7129  -0.0178   0.0479   0.3857   0.0403   0.1089   0.4103
pi_d         -0.3744   0.4047  -0.5612   0.1271  -0.0652   0.2102  -0.2855  -0.2894  -0.2035  -0.0827   0.7288   0.2012   0.2012   0.7110   0.6223   1.0000   0.5169   0.6539   0.8907  -0.0968  -0.1209  -0.5579   0.4248  -0.3543   0.5856   0.0004   0.5989  -0.3582  -0.5015   0.0445   0.3783   0.0392   0.1044   0.4047
r            -0.9510  -0.1122  -0.9657   0.2216   0.5766  -0.2436  -0.8092   0.1288  -0.7957   0.3648   0.6778  -0.4070  -0.4070   0.7930   0.7953   0.5169   1.0000   0.5899   0.4249  -0.2842  -0.2766  -0.9379  -0.0870  -0.8870   0.9436   0.0254   0.7529  -0.8896  -0.1595   0.1330   0.3318   0.1051   0.1564  -0.1122
xc           -0.4386   0.6570  -0.7313   0.0460   0.4395  -0.1250  -0.2512   0.1634  -0.2754   0.2888   0.9231   0.4171   0.4171   0.9496   0.9465   0.6539   0.5899   1.0000   0.7683  -0.0308  -0.0086  -0.7650   0.6342  -0.3286   0.7697   0.0059   0.9331  -0.4884   0.0006   0.0220   0.4194   0.0221   0.0903   0.6570
xd           -0.2676   0.5975  -0.5256   0.0452   0.1046   0.0417  -0.1155  -0.0786  -0.0912   0.0927   0.7618   0.4140   0.4140   0.7471   0.6810   0.8907   0.4249   0.7683   1.0000  -0.0018  -0.0080  -0.5492   0.5850  -0.2305   0.5743   0.0063   0.7054  -0.2750  -0.2706   0.0229   0.4583   0.0234   0.0961   0.5975
mu            0.3819   0.2953   0.2868  -0.9288  -0.3227   0.4203   0.3551  -0.3493   0.4167  -0.4189   0.0219   0.3545   0.3545  -0.1335  -0.1322  -0.0968  -0.2842  -0.0308  -0.0018   1.0000   0.8900   0.1433   0.0321   0.3540  -0.1564   0.1966  -0.1668   0.2535  -0.2329  -0.1169  -0.0057   0.0044   0.0071   0.2953
K             0.3227   0.2404   0.2460  -0.7251  -0.1647   0.1385   0.3162  -0.0702   0.3155  -0.1466  -0.0414   0.3066   0.3066  -0.1145  -0.1071  -0.1209  -0.2766  -0.0086  -0.0080   0.8900   1.0000   0.0796  -0.0667   0.3377  -0.1188  -0.0402  -0.1012   0.1713   0.0260  -0.0775  -0.0183  -0.0448  -0.0185   0.2404
Q             0.8866  -0.1045   0.9846  -0.1501  -0.6582   0.3210   0.6976  -0.2484   0.7176  -0.4625  -0.7903   0.1947   0.1947  -0.9088  -0.9172  -0.5579  -0.9379  -0.7650  -0.5492   0.1433   0.0796   1.0000  -0.0729   0.7344  -0.9841  -0.0314  -0.8944   0.8687   0.0266  -0.1066  -0.3633  -0.0943  -0.1543  -0.1045
rk            0.3031   0.9501  -0.0612  -0.0368  -0.1289   0.2667   0.5057  -0.1176   0.5058  -0.1586   0.6209   0.8958   0.8958   0.4264   0.4028   0.4248  -0.0870   0.6342   0.5850   0.0321  -0.0667  -0.0729   1.0000   0.3163   0.1380   0.0672   0.4711   0.3358  -0.0578   0.0534   0.4738   0.0487   0.1138   0.9501
IC            0.8728   0.3521   0.7857  -0.2539  -0.5519   0.3265   0.8136  -0.1848   0.8128  -0.3958  -0.3816   0.5788   0.5788  -0.5475  -0.5496  -0.3543  -0.8870  -0.3286  -0.2305   0.3540   0.3377   0.7344   0.3163   1.0000  -0.7405  -0.0102  -0.5084   0.8273   0.0801  -0.2178  -0.1564  -0.1447  -0.1085   0.3521
rr           -0.8564   0.1560  -0.9733   0.1506   0.6120  -0.2767  -0.6422   0.2122  -0.6568   0.4230   0.8191  -0.1435  -0.1435   0.9076   0.9113   0.5856   0.9436   0.7697   0.5743  -0.1564  -0.1188  -0.9841   0.1380  -0.7405   1.0000   0.0413   0.9020  -0.8143  -0.0552   0.0780   0.5024   0.0755   0.1700   0.1560
kg            0.0061   0.0541  -0.0153  -0.0701  -0.0217   0.0217   0.0637  -0.0076   0.0621  -0.0135   0.0467   0.0467   0.0467  -0.0003  -0.0005   0.0004   0.0254   0.0059   0.0063   0.1966  -0.0402  -0.0314   0.0672  -0.0102   0.0413   1.0000   0.0347   0.0000   0.0000   0.0000   0.0000   0.2740   0.1786   0.0541
n            -0.6397   0.4800  -0.8736   0.1895   0.6371  -0.3315  -0.3719   0.3391  -0.4303   0.4918   0.8965   0.2111   0.2111   0.9560   0.9629   0.5989   0.7529   0.9331   0.7054  -0.1668  -0.1012  -0.8944   0.4711  -0.5084   0.9020   0.0347   1.0000  -0.6175   0.1267   0.1303   0.5109   0.1023   0.1762   0.4800
ac            0.9520   0.3261   0.8804  -0.2385  -0.6754   0.4257   0.9425  -0.2867   0.9582  -0.5077  -0.4498   0.5770   0.5770  -0.6949  -0.7129  -0.3582  -0.8896  -0.4884  -0.2750   0.2535   0.1713   0.8687   0.3358   0.8273  -0.8143   0.0000  -0.6175   1.0000   0.0000   0.0000   0.0000   0.0000   0.0000   0.3261
ad            0.0373  -0.0362   0.0543   0.3597   0.6504  -0.8598   0.1568   0.9455  -0.0695   0.8171  -0.2705   0.0412   0.0412  -0.0921  -0.0178  -0.5015  -0.1595   0.0006  -0.2706  -0.2329   0.0260   0.0266  -0.0578   0.0801  -0.0552   0.0000   0.1267   0.0000   1.0000   0.0000   0.0000   0.0000   0.0000  -0.0362
GL           -0.1112   0.0430  -0.1355   0.0630   0.1039  -0.0107   0.0361   0.0193   0.0297   0.0341   0.1321  -0.0010  -0.0010   0.0498   0.0479   0.0445   0.1330   0.0220   0.0229  -0.1169  -0.0775  -0.1066   0.0534  -0.2178   0.0780   0.0000   0.1303   0.0000   0.0000   1.0000   0.0000   0.0000   0.0000   0.0430
GC           -0.1364   0.4789  -0.3382   0.0224   0.1124  -0.0148   0.1643   0.0613   0.1414   0.1086   0.5306   0.3621   0.3621   0.4039   0.3857   0.3783   0.3318   0.4194   0.4583  -0.0057  -0.0183  -0.3633   0.4738  -0.1564   0.5024   0.0000   0.5109   0.0000   0.0000   0.0000   1.0000   0.0000   0.0000   0.4789
IGL          -0.0782   0.0439  -0.1008   0.0280   0.0532  -0.0048   0.0358   0.0132   0.0308   0.0234   0.1054   0.0108   0.0108   0.0422   0.0403   0.0392   0.1051   0.0221   0.0234   0.0044  -0.0448  -0.0943   0.0487  -0.1447   0.0755   0.2740   0.1023   0.0000   0.0000   0.0000   0.0000   1.0000   0.0000   0.0439
IGC          -0.0953   0.1154  -0.1479   0.0161   0.0554  -0.0083   0.0539   0.0228   0.0458   0.0404   0.1815   0.0660   0.0660   0.1137   0.1089   0.1044   0.1564   0.0903   0.0961   0.0071  -0.0185  -0.1543   0.1138  -0.1085   0.1700   0.1786   0.1762   0.0000   0.0000   0.0000   0.0000   0.0000   1.0000   0.1154
W             0.3412   1.0000  -0.0408  -0.2495  -0.1271   0.2686   0.5481  -0.1072   0.5435  -0.1587   0.6312   0.9514   0.9514   0.4300   0.4103   0.4047  -0.1122   0.6570   0.5975   0.2953   0.2404  -0.1045   0.9501   0.3521   0.1560   0.0541   0.4800   0.3261  -0.0362   0.0430   0.4789   0.0439   0.1154   1.0000



COEFFICIENTS OF AUTOCORRELATION
Order           1        2        3        4        5
c          0.0793  -0.0456   0.0638   0.0631   0.0629
c_r       -0.2966   0.2401  -0.1456   0.1946  -0.1012
c_o       -0.2647   0.1406  -0.0662   0.1007  -0.0120
d          0.9344   0.8553   0.7801   0.7173   0.6605
i          0.1193  -0.0123  -0.0772  -0.0302  -0.0303
q          0.5090   0.1268   0.0096   0.0059   0.0126
y          0.1495   0.0365   0.0642   0.0723   0.0433
yd         0.4403   0.1488   0.0238   0.0107   0.0040
yc         0.1502   0.0313   0.0629   0.0675   0.0468
nd         0.4152   0.1419  -0.0078   0.0143   0.0069
nc        -0.6232   0.4071  -0.2501   0.1866  -0.1442
wc        -0.0189   0.0718  -0.0241   0.1485  -0.0242
wd        -0.0189   0.0718  -0.0241   0.1485  -0.0242
pi        -0.6474   0.3342  -0.1458   0.1272  -0.0842
pi_c      -0.6326   0.3033  -0.1362   0.1175  -0.0765
pi_d      -0.3782   0.1190  -0.1851   0.0945  -0.0700
r         -0.0317   0.1412  -0.0548   0.0790  -0.0174
xc        -0.7809   0.4256  -0.2212   0.1456  -0.1127
xd        -0.7044   0.3349  -0.2323   0.1774  -0.1271
mu         0.9464   0.8937   0.8435   0.7959   0.7502
K          0.9783   0.9393   0.8895   0.8372   0.7839
Q         -0.3431   0.1111  -0.1293   0.0614  -0.0678
rk        -0.2853   0.2011  -0.1725   0.1573  -0.1318
IC         0.4327   0.2854   0.1083   0.0689   0.0088
rr        -0.3927   0.2209  -0.1794   0.1315  -0.1113
kg         0.9581   0.9183   0.8738   0.8310   0.7896
n         -0.6536   0.3952  -0.2473   0.1757  -0.1310
ac        -0.0103   0.0001  -0.0000   0.0000  -0.0000
ad         0.3739   0.1398   0.0523   0.0196   0.0073
GL         0.4336   0.1880   0.0815   0.0354   0.0153
GC        -0.8325   0.6930  -0.5770   0.4803  -0.3999
IGL        0.3408   0.1162   0.0396   0.0135   0.0046
IGC       -0.2356   0.0555  -0.0131   0.0031  -0.0007
W         -0.2966   0.2401  -0.1456   0.1946  -0.1012
Total computing time : 0h00m02s
Note: warning(s) encountered in MATLAB/Octave code
