Starting Dynare (version 6.2).
Calling Dynare with arguments: none
Starting preprocessing of the model file ... 
Substitution of endo leads >= 2: added 1 auxiliary variables and equations. 
Substitution of endo lags >= 2: added 1 auxiliary variables and equations. 
Found 37 equation(s). 
Evaluating expressions... 
Computing static model derivatives (order 1). 
Normalizing the static model... 
Finding the optimal block decomposition of the static model... 
10 block(s) found: 
  8 recursive block(s) and 2 simultaneous block(s). 
  the largest simultaneous block has 18 equation(s) 
                                 and 18 feedback variable(s). 
Computing dynamic model derivatives (order 1). 
Normalizing the dynamic model... 
Finding the optimal block decomposition of the dynamic model... 
9 block(s) found: 
  7 recursive block(s) and 2 simultaneous block(s). 
  the largest simultaneous block has 21 equation(s) 
                                 and 19 feedback variable(s). 
Preprocessing completed. 
Preprocessing time: 0h00m03s.

STEADY-STATE RESULTS:

C                 		 0.340909
H                 		 0.364971
lambda            		 27.2975
P                 		 0.974199
W                 		 0.588541
B                 		 1.62665
y                 		 0.454545
Y                 		 0.454545
PI                		 0.228018
MLC               		 0.70884
mu                		 1.34022
e                 		 1.81818
lambdaf           		 0.664406
D                 		 0.466124
CD                		 0.181518
CF                		 0.159672
pD                		 0.95
PD                		 0.95
PF                		 1
GD                		 0.0798677
GF                		 0.0702555
AC                		 0
ACD               		 0
ACF               		 0
G                 		 0.15
T                 		 0.14613
A                 		 0.890031
X                 		 0.204739
i                 		 0.0217782
MR                		 0.57
METR              		 0.095
MAC               		 0
LMAC              		 0
MEAC              		 0
LMEAC             		 0


Residuals of the static equations:
Equation number  1: Household s demand for domestic goods                        :       0.000000
Equation number  2: Household s demand for imported goods                        :       0.000000
Equation number  3: FOC for consumption                                          :       0.000000
Equation number  4: FOC for labour (hours)                                       :       0.000000
Equation number  5: Euler equation                                               :       0.000000
Equation number  6: Budget constraint                                            :       0.000000
Equation number  7: Price index                                                  :       0.000000
Equation number  8: Balanced budget (Ricardian equivalence)                      :       0.000000
Equation number  9: Exogenous process of government spending                     :       0.000000
Equation number 10: Goverment expenditure                                        :       0.000000
Equation number 11: Government s demand for domestic goods                       :       0.000000
Equation number 12: Government s demand for domestic goods                       :       0.000000
Equation number 13: Process of the nominal interest rates                        :       0.000000
Equation number 14: Exogenous process foreign prices                             :       0.000000
Equation number 15: Adjustment costs                                             :       0.000000
Equation number 16: Share of adjustment costs purchased via domestic goods       :       0.000000
Equation number 17: Share of adjustment costs purchased via imported goods       :       0.000000
Equation number 18: Firm´s demanded quantity                                     :       0.000000
Equation number 19: Marginal Revenue                                             :       0.000000
Equation number 20: marginal effect of the demand shifter on total revenue       :       0.000000
Equation number 21: Marginal labor cost                                          :       0.000000
Equation number 22: Marginal adjustment cost                                     :       0.000000
Equation number 23: Lagged marginal adjustment cost                              :       0.000000
Equation number 24: Marginal effect of the demand shifter on the adjustment cost :       0.000000
Equation number 25: Lagged effect of the demand shifter on the adjustment cost   :       0.000000
Equation number 26: Law of motion for the demand shifter                         :       0.000000
Equation number 27: Pricing equation                                             :       0.000000
Equation number 28: Optimal demand shifter                                       :      -0.000004
Equation number 29: Exogenous process of productivity                            :       0.000000
Equation number 30: Individual markup                                            :       0.000000
Equation number 31: Aggregate domestic price level                               :       0.000000
Equation number 32: Aggregate output                                             :       0.000000
Equation number 33: Aggregate resources                                          :       0.000000
Equation number 34: Aggregate profits                                            :       0.000000
Equation number 35: Individual output                                            :       0.000000


[Warning: Matrix is close to singular or badly scaled. Results may be inaccurate. RCOND =  1.543669e-20.] 
[> In <a href="matlab:matlab.internal.language.introspective.errorDocCallback('dyn_first_order_solver', 'C:\dynare\6.2\matlab\stochastic_solver\dyn_first_order_solver.m', 283)" style="font-weight:bold">dyn_first_order_solver</a> (<a href="matlab: opentoline('C:\dynare\6.2\matlab\stochastic_solver\dyn_first_order_solver.m',283,0)">line 283</a>)
  In <a href="matlab:matlab.internal.language.introspective.errorDocCallback('stochastic_solvers', 'C:\dynare\6.2\matlab\stochastic_solver\stochastic_solvers.m', 248)" style="font-weight:bold">stochastic_solvers</a> (<a href="matlab: opentoline('C:\dynare\6.2\matlab\stochastic_solver\stochastic_solvers.m',248,0)">line 248</a>)
  In <a href="matlab:matlab.internal.language.introspective.errorDocCallback('resol', 'C:\dynare\6.2\matlab\stochastic_solver\resol.m', 115)" style="font-weight:bold">resol</a> (<a href="matlab: opentoline('C:\dynare\6.2\matlab\stochastic_solver\resol.m',115,0)">line 115</a>)
  In <a href="matlab:matlab.internal.language.introspective.errorDocCallback('stoch_simul', 'C:\dynare\6.2\matlab\stochastic_solver\stoch_simul.m', 108)" style="font-weight:bold">stoch_simul</a> (<a href="matlab: opentoline('C:\dynare\6.2\matlab\stochastic_solver\stoch_simul.m',108,0)">line 108</a>)
  In <a href="matlab:matlab.internal.language.introspective.errorDocCallback('irf.driver', 'G:\Meu Drive\Documents\Papers\Acadêmicos\Research\The square root of all evil; The role of market power in fiscal consolidations\DSGE\+irf\driver.m', 973)" style="font-weight:bold">irf.driver</a> (<a href="matlab: opentoline('G:\Meu Drive\Documents\Papers\Acadêmicos\Research\The square root of all evil; The role of market power in fiscal consolidations\DSGE\+irf\driver.m',973,0)">line 973</a>)
  In <a href="matlab:matlab.internal.language.introspective.errorDocCallback('dynare', 'C:\dynare\6.2\matlab\dynare.m', 308)" style="font-weight:bold">dynare</a> (<a href="matlab: opentoline('C:\dynare\6.2\matlab\dynare.m',308,0)">line 308</a>)
] 

MODEL SUMMARY

  Number of variables:         37
  Number of stochastic shocks: 4
  Number of state variables:   9
  Number of jumpers:           9
  Number of static variables:  20


MATRIX OF COVARIANCE OF EXOGENOUS SHOCKS
Variables          sA        sG        si       sPF
sA           1.000000  0.000000  0.000000  0.000000
sG           0.000000  1.000000  0.000000  0.000000
si           0.000000  0.000000  1.000000  0.000000
sPF          0.000000  0.000000  0.000000  1.000000

POLICY AND TRANSITION FUNCTIONS
                                   C               H          lambda               P               W               B               y               Y              PI             MLC              mu               e         lambdaf               D              CD              CF              pD              PD              PF              GD              GF              AC             ACD             ACF               G               T               A               X               i              MR            METR             MAC            LMAC            MEAC           LMEAC
Constant                    0.340909        0.364971       27.297518        0.974199        0.588541        1.626647        0.454545        0.454545        0.228018        0.708840        1.340217        1.818182        0.664406        0.466124        0.181518        0.159672        0.950000        0.950000        1.000000        0.079868        0.070255               0               0               0        0.150000        0.146130        0.890031        0.204739        0.021778        0.570000        0.095000               0               0               0               0
B(-1)                      -0.216829       -0.575798      -12.607406       -0.866566       -0.987774        0.798782       -0.478077       -0.478077       -0.160247       -1.562447        0.658139       -0.090573       -0.239513       -0.106335        0.258314       -0.456633       -1.627503       -1.627503               0        0.164456       -0.156234               0               0               0               0       -0.129985               0       -0.529105       -0.066298       -0.976502       -0.262668        0.333792       -0.333792       -0.083448        0.083448
e(-1)                       0.010885       -0.109785       -9.551238       -0.434906       -0.351257        0.078775       -0.091153        0.075513        0.068692       -0.494130        0.273369        0.852446       -0.271613        0.270116        0.193378       -0.173105       -0.468466       -0.816800               0        0.082536       -0.078409               0               0               0               0       -0.065236               0       -0.005798       -0.008960       -0.281080       -0.118148        0.096080       -0.096080       -0.024020        0.024020
pD(-1)                     -0.118824       -0.214425       -0.175408       -0.101414       -0.234155       -0.053995       -0.178034       -0.178034       -0.007881       -0.420835        0.526978        0.019714        0.011243       -0.137639       -0.019526       -0.097208       -0.190467       -0.190467               0        0.019246       -0.018284               0               0               0               0       -0.015212               0       -0.137359       -0.012608       -0.114280       -0.056256        0.244158       -0.244158       -0.061040        0.061040
PF(-1)                     -0.024651       -0.014145        0.208834        0.154367        0.081853        0.006960       -0.011744       -0.011744        0.037177        0.089426       -0.070318       -0.006501       -0.003634        0.027467        0.025341       -0.048088        0.070006        0.070006        0.250000        0.016925       -0.016079               0               0               0               0        0.023155               0       -0.014798        0.003498        0.042003        0.004546       -0.014358        0.014358        0.003589       -0.003589
G(-1)                       0.443979        2.121245      147.610977        3.147162        3.611617        0.214119        1.761242        1.761242        0.579754        5.723126       -2.482265        0.406583        1.550274        0.411799       -1.121027        1.497499        5.910702        5.910702               0       -0.075464        1.026406               0               0               0        0.980000        1.426789               0        1.608290        0.190077        3.546421        0.959170       -1.212252        1.212252        0.303063       -0.303063
A(-1)                       0.079019       -0.001311       -9.494526       -0.463071       -0.280811        0.237316        0.305336        0.305336        0.190230       -0.816912        0.317620        0.108362       -0.163490        0.518271        0.241805       -0.152734       -0.869697       -0.869697               0        0.087881       -0.083487               0               0               0               0       -0.069461        0.600000        0.188585        0.001377       -0.521818       -0.023154        0.178370       -0.178370       -0.044593        0.044593
i(-1)                       0.734461        1.767125       28.903089        2.315448        2.823633        2.256302        1.467220        1.467220        0.411272        4.544820       -2.458085       -0.173939       -0.766508        0.478767       -0.607627        1.292757        4.348656        4.348656               0       -0.439424        0.417453               0               0               0               0        0.347317               0        1.525818        1.014957        2.609193        0.741515       -0.891885        0.891885        0.222971       -0.222971
sA                         -4.285328       -9.172764      -33.220527      -11.436187      -14.304783       -2.386082       -7.161479       -7.161479       -1.555599      -23.875967       14.842007        2.006310       -0.026012       -2.277256        2.650891       -6.693108      -21.478365      -21.478365               0        2.170353       -2.061835               0               0               0               0       -1.715428        0.890031       -7.098499       -0.709421      -12.887019       -3.644586        4.405094       -4.405094       -1.101274        1.101274
sG                          8.469327       17.825345       59.111645       20.994535       27.055697        5.257912       14.800149       14.800149        3.595780       44.126004      -27.803823       -3.459662       -0.175873        5.875808       -4.545791       12.569310       39.429951       39.429951               0       -3.904463        3.855369               0               0               0        0.150000        3.295310               0       14.326061        1.386778       23.657971        7.036226       -8.086866        8.086866        2.021716       -2.021716
si                          9.530179       20.335160       90.625691       24.445514       31.164157        6.275170       16.884014       16.884014        4.217911       50.699086      -31.088136       -3.525269       -0.837688        6.483846       -5.469404       14.480223       45.911254       45.911254               0       -4.639255        4.407292               0               0               0               0        3.666827               0       16.592506        2.591244       27.546753        8.119884       -9.416146        9.416146        2.354036       -2.354036
sPF                         0.280491        0.733100        2.483137        1.543066        1.523297        0.263613        0.608683        0.608683        0.306954        2.309269       -1.518718       -0.184922       -0.033179        0.372159       -0.096014        0.364468        2.018393        2.018393        1.000000       -0.107959        0.102561               0               0               0               0        0.231460               0        0.576133        0.075255        1.211036        0.329054       -0.413961        0.413961        0.103490       -0.103490


THEORETICAL MOMENTS
VARIABLE           MEAN    STD. DEV.     VARIANCE
C                0.3409      15.5677     242.3538
H                0.3650      32.4252    1051.3952
lambda          27.2975     324.6017  105366.2839
P                0.9742      38.9597    1517.8584
W                0.5885      48.8939    2390.6093
B                1.6266      33.1412    1098.3393
y                0.4545      26.8397     720.3675
Y                0.4545      27.8155     773.7003
PI               0.2280       8.0709      65.1397
MLC              0.7088      79.8231    6371.7263
mu               1.3402      54.1469    2931.8909
e                1.8182      19.3412     374.0827
lambdaf          0.6644       9.1313      83.3809
D                0.4661      14.1010     198.8369
CD               0.1815      10.3057     106.2066
CF               0.1597      22.6275     512.0017
pD               0.9500      74.8569    5603.5627
PD               0.9500      73.1414    5349.6653
PF               1.0000       1.0328       1.0667
GD               0.0799       7.3592      54.1583
GF               0.0703       7.0639      49.8984
AC               0.0000       0.0000       0.0000
ACD              0.0000       0.0000       0.0000
ACF              0.0000       0.0000       0.0000
G                0.1500       0.7538       0.5682
T                0.1461       5.9630      35.5574
A                0.8900       1.1125       1.2377
X                0.2047      27.0251     730.3572
i                0.0218       5.1416      26.4357
MR               0.5700      44.9142    2017.2826
METR             0.0950      12.6433     159.8536
MAC              0.0000      20.3712     414.9867
LMAC             0.0000      20.3712     414.9867
MEAC             0.0000       5.0928      25.9367
LMEAC            0.0000       5.0928      25.9367



VARIANCE DECOMPOSITION (in percent)
               sA      sG      si     sPF
C           10.59   39.63   49.72    0.06
H           10.11   37.94   51.87    0.07
lambda       3.12   24.02   72.81    0.05
P            9.17   33.07   57.59    0.17
W            9.66   35.83   54.40    0.11
B            2.95   18.97   78.03    0.06
y            9.56   38.17   52.19    0.07
Y            9.49   37.41   53.02    0.08
PI           6.00   28.80   65.03    0.17
MLC         10.15   36.28   53.47    0.10
mu          11.27   39.86   48.76    0.11
e            7.89   24.67   67.35    0.09
lambdaf      2.35   16.01   81.58    0.06
D           11.36   38.94   49.58    0.12
CD           8.20   27.17   64.60    0.03
CF           9.66   35.55   54.74    0.04
pD           8.89   32.53   58.48    0.09
PD           9.18   33.10   57.63    0.09
PF          -0.00   -0.00   -0.00  100.00
GD           9.26   32.58   58.13    0.04
GF           9.07   33.95   56.94    0.04
AC           0.70   22.98   76.30    0.02
ACD          0.70   22.98   76.30    0.02
ACF          0.70   22.98   76.30    0.02
G            0.00  100.00    0.00    0.00
T            8.81   35.72   55.31    0.16
A          100.00    0.00    0.00    0.00
X            8.86   35.47   55.61    0.07
i            3.42   16.56   79.97    0.06
MR           8.89   32.53   58.48    0.09
METR         9.30   35.65   54.96    0.08
MAC         10.99   38.73   50.18    0.10
LMAC        10.99   38.73   50.18    0.10
MEAC        10.99   38.73   50.18    0.10
LMEAC       10.99   38.73   50.18    0.10



MATRIX OF CORRELATIONS
Variables          C        H   lambda        P        W        B        y        Y       PI      MLC       mu        e  lambdaf        D       CD       CF       pD       PD       PF       GD       GF        G        T        A        X        i       MR     METR      MAC     LMAC     MEAC    LMEAC
C             1.0000   0.9894   0.3549   0.8780   0.9517  -0.0249   0.9896   0.9834   0.7845   0.9638  -0.9697  -0.0019   0.0870   0.9148  -0.6268   0.9415   0.8802   0.8782   0.0132  -0.8808   0.8737   0.0186   0.8628  -0.1339   0.9562   0.3935   0.8802   0.9406  -0.9177   0.9177   0.9177  -0.9177
H             0.9894   1.0000   0.4796   0.9370   0.9858  -0.0843   0.9998   0.9931   0.8462   0.9919  -0.9360   0.0127   0.1538   0.8625  -0.7312   0.9795   0.9377   0.9371   0.0185  -0.9380   0.9339   0.0539   0.9249  -0.1557   0.9843   0.4457   0.9377   0.9792  -0.8720   0.8720   0.8720  -0.8720
lambda        0.3549   0.4796   1.0000   0.7008   0.5938  -0.5421   0.4788   0.4777   0.6944   0.5654  -0.2164   0.1717   0.6122   0.1087  -0.8569   0.6086   0.6970   0.7009   0.0076  -0.6861   0.7129   0.3255   0.7269  -0.1075   0.5703   0.3553   0.6970   0.6143  -0.1846   0.1846   0.1846  -0.1846
P             0.8780   0.9370   0.7008   1.0000   0.9824  -0.1647   0.9353   0.9270   0.9189   0.9736  -0.7710   0.0204   0.2457   0.6522  -0.9227   0.9877   0.9960   0.9999   0.0381  -0.9982   0.9984   0.1009   0.9925  -0.2169   0.9640   0.5663   0.9960   0.9878  -0.6656   0.6656   0.6656  -0.6656
W             0.9517   0.9858   0.5938   0.9824   1.0000  -0.1244   0.9848   0.9772   0.8948   0.9990  -0.8716   0.0166   0.2005   0.7752  -0.8352   0.9993   0.9809   0.9824   0.0283  -0.9820   0.9800   0.0774   0.9723  -0.1876   0.9904   0.5110   0.9809   0.9991  -0.7867   0.7867   0.7867  -0.7867
B            -0.0249  -0.0843  -0.5421  -0.1647  -0.1244   1.0000  -0.0872  -0.1321  -0.3307  -0.1125  -0.0733  -0.5979  -0.8237  -0.0653   0.2490  -0.1244  -0.1984  -0.1649   0.0104   0.1757  -0.1550   0.1823  -0.1390  -0.1247  -0.1769   0.3748  -0.1984  -0.1231   0.0936  -0.0936  -0.0936   0.0936
y             0.9896   0.9998   0.4788   0.9353   0.9848  -0.0872   1.0000   0.9937   0.8470   0.9910  -0.9359   0.0167   0.1546   0.8658  -0.7283   0.9784   0.9363   0.9354   0.0186  -0.9362   0.9322   0.0541   0.9233  -0.1350   0.9844   0.4439   0.9363   0.9782  -0.8734   0.8734   0.8734  -0.8734
Y             0.9834   0.9931   0.4777   0.9270   0.9772  -0.1321   0.9937   1.0000   0.8825   0.9834  -0.9119   0.1258   0.1349   0.8887  -0.7198   0.9705   0.9379   0.9271   0.0176  -0.9297   0.9223   0.0208   0.9110  -0.1169   0.9914   0.4611   0.9379   0.9677  -0.8594   0.8594   0.8594  -0.8594
PI            0.7845   0.8462   0.6944   0.9189   0.8948  -0.3307   0.8470   0.8825   1.0000   0.8836  -0.6131   0.4005   0.1852   0.6616  -0.8658   0.9004   0.9484   0.9188   0.0364  -0.9226   0.9124  -0.0074   0.8996  -0.0856   0.9266   0.6070   0.9484   0.8923  -0.5450   0.5450   0.5450  -0.5450
MLC           0.9638   0.9919   0.5654   0.9736   0.9990  -0.1125   0.9910   0.9834   0.8836   1.0000  -0.8907   0.0134   0.1882   0.7984  -0.8112   0.9970   0.9725   0.9736   0.0257  -0.9736   0.9710   0.0713   0.9629  -0.1904   0.9910   0.4959   0.9725   0.9966  -0.8103   0.8103   0.8103  -0.8103
mu           -0.9697  -0.9360  -0.2164  -0.7710  -0.8716  -0.0733  -0.9359  -0.9119  -0.6131  -0.8907   1.0000   0.1678  -0.0776  -0.9017   0.4762  -0.8560  -0.7602  -0.7710  -0.0232   0.7711  -0.7687  -0.0539  -0.7622   0.1376  -0.8620  -0.2532  -0.7602  -0.8592   0.9647  -0.9647  -0.9647   0.9647
e            -0.0019   0.0127   0.1717   0.0204   0.0166  -0.5979   0.0167   0.1258   0.4005   0.0134   0.1678   1.0000   0.0546   0.2291  -0.0353   0.0140   0.1052   0.0206  -0.0120  -0.0359   0.0068  -0.2764  -0.0140   0.1911   0.1428   0.0868   0.1052  -0.0059   0.0488  -0.0488  -0.0488   0.0488
lambdaf       0.0870   0.1538   0.6122   0.2457   0.2005  -0.8237   0.1546   0.1349   0.1852   0.1882  -0.0776   0.0546   1.0000  -0.0280  -0.3309   0.2015   0.2292   0.2459  -0.0053  -0.2416   0.2494   0.0985   0.2529   0.0134   0.1774  -0.5006   0.2292   0.2141  -0.1970   0.1970   0.1970  -0.1970
D             0.9148   0.8625   0.1087   0.6522   0.7752  -0.0653   0.8658   0.8887   0.6616   0.7984  -0.9017   0.2291  -0.0280   1.0000  -0.3268   0.7546   0.6787   0.6522   0.0205  -0.6592   0.6440  -0.0814   0.6292   0.0289   0.8259   0.2400   0.6787   0.7492  -0.9242   0.9242   0.9242  -0.9242
CD           -0.6268  -0.7312  -0.8569  -0.9227  -0.8352   0.2490  -0.7283  -0.7198  -0.8658  -0.8112   0.4762  -0.0353  -0.3309  -0.3268   1.0000  -0.8528  -0.9151  -0.9230  -0.0094   0.9187  -0.9248  -0.1496  -0.9227   0.2459  -0.8020  -0.6063  -0.9151  -0.8531   0.3466  -0.3466  -0.3466   0.3466
CF            0.9415   0.9795   0.6086   0.9877   0.9993  -0.1244   0.9784   0.9705   0.9004   0.9970  -0.8560   0.0140   0.2015   0.7546  -0.8528   1.0000   0.9859   0.9880   0.0130  -0.9878   0.9857   0.0772   0.9775  -0.1961   0.9879   0.5261   0.9859   0.9995  -0.7651   0.7651   0.7651  -0.7651
pD            0.8802   0.9377   0.6970   0.9960   0.9809  -0.1984   0.9363   0.9379   0.9484   0.9725  -0.7602   0.1052   0.2292   0.6787  -0.9151   0.9859   1.0000   0.9961   0.0249  -0.9960   0.9935   0.0743   0.9853  -0.2016   0.9743   0.5788   1.0000   0.9838  -0.6634   0.6634   0.6634  -0.6634
PD            0.8782   0.9371   0.7009   0.9999   0.9824  -0.1649   0.9354   0.9271   0.9188   0.9736  -0.7710   0.0206   0.2459   0.6522  -0.9230   0.9880   0.9961   1.0000   0.0257  -0.9984   0.9987   0.1010   0.9924  -0.2169   0.9642   0.5664   0.9961   0.9879  -0.6657   0.6657   0.6657  -0.6657
PF            0.0132   0.0185   0.0076   0.0381   0.0283   0.0104   0.0186   0.0176   0.0364   0.0257  -0.0232  -0.0120  -0.0053   0.0205  -0.0094   0.0130   0.0249   0.0257   1.0000  -0.0124   0.0123   0.0000   0.0374   0.0000   0.0177   0.0163   0.0249   0.0232  -0.0141   0.0141   0.0141  -0.0141
GD           -0.8808  -0.9380  -0.6861  -0.9982  -0.9820   0.1757  -0.9362  -0.9297  -0.9226  -0.9736   0.7711  -0.0359  -0.2416  -0.6592   0.9187  -0.9878  -0.9960  -0.9984  -0.0124   1.0000  -0.9946  -0.0469  -0.9840   0.2179  -0.9666  -0.5647  -0.9960  -0.9869   0.6683  -0.6683  -0.6683   0.6683
GF            0.8737   0.9339   0.7129   0.9984   0.9800  -0.1550   0.9322   0.9223   0.9124   0.9710  -0.7687   0.0068   0.2494   0.6440  -0.9248   0.9857   0.9935   0.9987   0.0123  -0.9946   1.0000   0.1504   0.9970  -0.2156   0.9595   0.5663   0.9935   0.9861  -0.6616   0.6616   0.6616  -0.6616
G             0.0186   0.0539   0.3255   0.1009   0.0774   0.1823   0.0541   0.0208  -0.0074   0.0713  -0.0539  -0.2764   0.0985  -0.0814  -0.1496   0.0772   0.0743   0.1010   0.0000  -0.0469   0.1504   1.0000   0.2221   0.0000   0.0273   0.0717   0.0743   0.0896  -0.0011   0.0011   0.0011  -0.0011
T             0.8628   0.9249   0.7269   0.9925   0.9723  -0.1390   0.9233   0.9110   0.8996   0.9629  -0.7622  -0.0140   0.2529   0.6292  -0.9227   0.9775   0.9853   0.9924   0.0374  -0.9840   0.9970   0.2221   1.0000  -0.2125   0.9481   0.5639   0.9853   0.9791  -0.6525   0.6525   0.6525  -0.6525
A            -0.1339  -0.1557  -0.1075  -0.2169  -0.1876  -0.1247  -0.1350  -0.1169  -0.0856  -0.1904   0.1376   0.1911   0.0134   0.0289   0.2459  -0.1961  -0.2016  -0.2169   0.0000   0.2179  -0.2156   0.0000  -0.2125   1.0000  -0.1380  -0.1531  -0.2016  -0.1884   0.0608  -0.0608  -0.0608   0.0608
X             0.9562   0.9843   0.5703   0.9640   0.9904  -0.1769   0.9844   0.9914   0.9266   0.9910  -0.8620   0.1428   0.1774   0.8259  -0.8020   0.9879   0.9743   0.9642   0.0177  -0.9666   0.9595   0.0273   0.9481  -0.1380   1.0000   0.5102   0.9743   0.9850  -0.7964   0.7964   0.7964  -0.7964
i             0.3935   0.4457   0.3553   0.5663   0.5110   0.3748   0.4439   0.4611   0.6070   0.4959  -0.2532   0.0868  -0.5006   0.2400  -0.6063   0.5261   0.5788   0.5664   0.0163  -0.5647   0.5663   0.0717   0.5639  -0.1531   0.5102   1.0000   0.5788   0.5170  -0.0691   0.0691   0.0691  -0.0691
MR            0.8802   0.9377   0.6970   0.9960   0.9809  -0.1984   0.9363   0.9379   0.9484   0.9725  -0.7602   0.1052   0.2292   0.6787  -0.9151   0.9859   1.0000   0.9961   0.0249  -0.9960   0.9935   0.0743   0.9853  -0.2016   0.9743   0.5788   1.0000   0.9838  -0.6634   0.6634   0.6634  -0.6634
METR          0.9406   0.9792   0.6143   0.9878   0.9991  -0.1231   0.9782   0.9677   0.8923   0.9966  -0.8592  -0.0059   0.2141   0.7492  -0.8531   0.9995   0.9838   0.9879   0.0232  -0.9869   0.9861   0.0896   0.9791  -0.1884   0.9850   0.5170   0.9838   1.0000  -0.7688   0.7688   0.7688  -0.7688
MAC          -0.9177  -0.8720  -0.1846  -0.6656  -0.7867   0.0936  -0.8734  -0.8594  -0.5450  -0.8103   0.9647   0.0488  -0.1970  -0.9242   0.3466  -0.7651  -0.6634  -0.6657  -0.0141   0.6683  -0.6616  -0.0011  -0.6525   0.0608  -0.7964  -0.0691  -0.6634  -0.7688   1.0000  -1.0000  -1.0000   1.0000
LMAC          0.9177   0.8720   0.1846   0.6656   0.7867  -0.0936   0.8734   0.8594   0.5450   0.8103  -0.9647  -0.0488   0.1970   0.9242  -0.3466   0.7651   0.6634   0.6657   0.0141  -0.6683   0.6616   0.0011   0.6525  -0.0608   0.7964   0.0691   0.6634   0.7688  -1.0000   1.0000   1.0000  -1.0000
MEAC          0.9177   0.8720   0.1846   0.6656   0.7867  -0.0936   0.8734   0.8594   0.5450   0.8103  -0.9647  -0.0488   0.1970   0.9242  -0.3466   0.7651   0.6634   0.6657   0.0141  -0.6683   0.6616   0.0011   0.6525  -0.0608   0.7964   0.0691   0.6634   0.7688  -1.0000   1.0000   1.0000  -1.0000
LMEAC        -0.9177  -0.8720  -0.1846  -0.6656  -0.7867   0.0936  -0.8734  -0.8594  -0.5450  -0.8103   0.9647   0.0488  -0.1970  -0.9242   0.3466  -0.7651  -0.6634  -0.6657  -0.0141   0.6683  -0.6616  -0.0011  -0.6525   0.0608  -0.7964  -0.0691  -0.6634  -0.7688   1.0000  -1.0000  -1.0000   1.0000



COEFFICIENTS OF AUTOCORRELATION
Order            1
C          -0.3964
H          -0.2878
lambda      0.8496
P           0.1052
W          -0.1134
B           0.9266
y          -0.2888
Y          -0.2429
PI          0.3708
MLC        -0.1612
mu         -0.5050
e           0.9461
lambdaf     0.9341
D          -0.3534
CD          0.5263
CF         -0.0761
pD          0.1197
PD          0.1052
PF          0.2500
GD          0.1039
GF          0.1110
G           0.9800
T           0.1270
A           0.6000
X          -0.1083
i           0.7476
MR          0.1197
METR       -0.0804
MAC        -0.5238
LMAC       -0.5238
MEAC       -0.5238
LMEAC      -0.5238
Total computing time : 0h00m02s
Note: warning(s) encountered in MATLAB/Octave code
