Starting Dynare (version 6.2).
Calling Dynare with arguments: none
Starting preprocessing of the model file ... 
Substitution of endo leads >= 2: added 2 auxiliary variables and equations. 
Substitution of endo lags >= 2: added 1 auxiliary variables and equations. 
Found 38 equation(s). 
Evaluating expressions... 
Computing static model derivatives (order 1). 
Normalizing the static model... 
Normalization failed with cutoff, trying symbolic normalization... 
Finding the optimal block decomposition of the static model... 
11 block(s) found: 
  9 recursive block(s) and 2 simultaneous block(s). 
  the largest simultaneous block has 18 equation(s) 
                                 and 18 feedback variable(s). 
Computing dynamic model derivatives (order 2). 
Normalizing the dynamic model... 
Finding the optimal block decomposition of the dynamic model... 
10 block(s) found: 
  8 recursive block(s) and 2 simultaneous block(s). 
  the largest simultaneous block has 21 equation(s) 
                                 and 19 feedback variable(s). 
Preprocessing completed. 
Preprocessing time: 0h00m02s.

STEADY-STATE RESULTS:

C                 		 0.340909
H                 		 0.364971
lambda            		 27.2975
P                 		 0.974199
W                 		 0.588541
B                 		 1.62665
y                 		 0.454545
Y                 		 0.454545
PI                		 0.228018
MLC               		 0.70884
mu                		 1.34022
e                 		 1.81818
lambdaf           		 0.664377
D                 		 0.466124
CD                		 0.181518
CF                		 0.159672
pD                		 0.95
PD                		 0.95
PF                		 1
GD                		 0.0798677
GF                		 0.0702555
AC                		 0
ACD               		 0
ACF               		 0
G                 		 0.15
T                 		 0.14613
A                 		 0.890031
X                 		 0.204739
i                 		 0.0217782
MR                		 0.57
METR              		 0.095
MAC               		 0
LMAC              		 0
MEAC              		 0
LMEAC             		 0


Residuals of the static equations:
Equation number  1: Household s demand for domestic goods                        :       0.000000
Equation number  2: Household s demand for imported goods                        :       0.000000
Equation number  3: FOC for consumption                                          :       0.000000
Equation number  4: FOC for labour (hours)                                       :       0.000000
Equation number  5: Euler equation                                               :       0.000000
Equation number  6: Budget constraint                                            :       0.000000
Equation number  7: Price index                                                  :       0.000000
Equation number  8: Balanced budget (Ricardian equivalence)                      :       0.000000
Equation number  9: Exogenous process of government spending                     :       0.000000
Equation number 10: Goverment expenditure                                        :       0.000000
Equation number 11: Government s demand for domestic goods                       :       0.000000
Equation number 12: Government s demand for domestic goods                       :       0.000000
Equation number 13: Process of the nominal interest rates                        :       0.000000
Equation number 14: Exogenous process foreign prices                             :       0.000000
Equation number 15: Adjustment costs                                             :       0.000000
Equation number 16: Share of adjustment costs purchased via domestic goods       :       0.000000
Equation number 17: Share of adjustment costs purchased via imported goods       :       0.000000
Equation number 18: Firm´s demanded quantity                                     :       0.000000
Equation number 19: Marginal Revenue                                             :       0.000000
Equation number 20: marginal effect of the demand shifter on total revenue       :       0.000000
Equation number 21: Marginal labor cost                                          :       0.000000
Equation number 22: Marginal adjustment cost                                     :       0.000000
Equation number 23: Lagged marginal adjustment cost                              :       0.000000
Equation number 24: Marginal effect of the demand shifter on the adjustment cost :       0.000000
Equation number 25: Lagged effect of the demand shifter on the adjustment cost   :       0.000000
Equation number 26: Law of motion for the demand shifter                         :       0.000000
Equation number 27: Pricing equation                                             :       0.000000
Equation number 28: Optimal demand shifter                                       :       0.000000
Equation number 29: Exogenous process of productivity                            :       0.000000
Equation number 30: Individual markup                                            :       0.000000
Equation number 31: Aggregate domestic price level                               :       0.000000
Equation number 32: Aggregate output                                             :       0.000000
Equation number 33: Aggregate resources                                          :       0.000000
Equation number 34: Aggregate profits                                            :       0.000000
Equation number 35: Individual output                                            :       0.000000


Total computing time : 0h00m00s
