Starting Dynare (version 6.2).
Calling Dynare with arguments: none
Starting preprocessing of the model file ... 
WARNING: simulation.mod:204.1-206.38: The 'simul' statement is deprecated. Please use 'perfect_foresight_setup' and 'perfect_foresight_solver' instead. 
Found 99 equation(s). 
Evaluating expressions... 
Computing static model derivatives (order 1). 
Normalizing the static model... 
Normalization failed with cutoff, trying symbolic normalization... 
Finding the optimal block decomposition of the static model... 
12 block(s) found: 
  11 recursive block(s) and 1 simultaneous block(s). 
  the largest simultaneous block has 56 equation(s) 
                                 and 56 feedback variable(s). 
Computing dynamic model derivatives (order 1). 
Normalizing the dynamic model... 
Normalization failed with cutoff, trying symbolic normalization... 
Finding the optimal block decomposition of the dynamic model... 
3 block(s) found: 
  2 recursive block(s) and 1 simultaneous block(s). 
  the largest simultaneous block has 88 equation(s) 
                                 and 85 feedback variable(s). 
Preprocessing completed. 
Preprocessing time: 0h00m02s.
cons_share =
   0.603959774146359
inv_share =
   0.191040225853641
gov_share =
   0.205000000000000
value_of_life =
     7.186722312821646e+06
value_of_life =
     1.938420522344102e+06
ann_capoutputratio =
   1.910402258536411
thetaval =
   0.001645241221013
Aval =
   2.997930279455440

                                         Norm of      First-order   Trust-region
 Iteration  Func-count     f(x)          step         optimality    radius
     0          4       0.0317781                         0.089               1
     1          5       0.0317781              1          0.089               1
     2          9       0.0203931           0.25          0.503            0.25
     3         13     0.000199375      0.0840519         0.0414           0.625
     4         17     1.56736e-07      0.0052578        0.00108           0.625
     5         21     1.32086e-13    0.000122567       9.96e-07           0.625
     6         25     1.15832e-25    1.08485e-07       9.32e-13           0.625

<a href = "matlab: helpview('optim','eqn_solved','CSHelpWindow');">Equation solved</a>.

fsolve completed because the vector of function values is near zero
as measured by the value of the <a href = "matlab: helpview('optim','fcn_tolerance_fsolve','CSHelpWindow');">function tolerance</a>, and
the <a href = "matlab: helpview('optim','appears_regular','CSHelpWindow');">problem appears regular</a> as measured by the gradient.

<<a href = "matlab: createExitMsg({'optim:fsolve:Exit1basic','fsolve'},{'optim:fsolve:Exit1detailed','9.315081e-13','1.000000e-07','1.158317e-25','3.162278e-04'},true,true);;">stopping criteria details</a>>
Max. abs. error in calibration targets:3.4034e-13
 
pi1 =
     2.428009535745495e-07
pi2 =
     2.370604848909966e-04
pi3 =
   0.425193034311247
RnotSIR =
   1.328329613752984


Residuals of the static equations:
Equation number  1: muc         :       0.000000
Equation number  2: mun         :       0.000000
Equation number  3: mul         :       0.000000
Equation number  4: ro          :       0.000000
Equation number  5: y           :       0.000000
Equation number  6: mc          :       0.000000
Equation number  7: w           :       0.000000
Equation number  8: k           :       0.000000
Equation number  9: 9           :       0.000000
Equation number 10: n           :       0.000000
Equation number 11: c           :       0.000000
Equation number 12: tau         :       0.000000
Equation number 13: s           :       0.000000
Equation number 14: i           :       0.000000
Equation number 15: r           :       0.000000
Equation number 16: dd          :       0.000000
Equation number 17: pop         :       0.000000
Equation number 18: 18          :       0.000000
Equation number 19: 19          :       0.000000
Equation number 20: 20          :       0.000000
Equation number 21: 21          :       0.000000
Equation number 22: 22          :       0.000000
Equation number 23: 23          :       0.000000
Equation number 24: lambtilde   :       0.000000
Equation number 25: lami        :       0.000000
Equation number 26: 26          :       0.000000
Equation number 27: 27          :       0.000000
Equation number 28: 28          :       0.000000
Equation number 29: 29          :       0.000000
Equation number 30: rr          :       0.000000
Equation number 31: Kf          :       0.000000
Equation number 32: F           :       0.000000
Equation number 33: 33          :       0.000000
Equation number 34: 34          :       0.000000
Equation number 35: Rb          :       0.000000
Equation number 36: dF          :       0.000000
Equation number 37: dKf         :       0.000000
Equation number 38: dpie        :       0.000000
Equation number 39: dcs         :       0.000000
Equation number 40: dns         :       0.000000
Equation number 41: dci         :       0.000000
Equation number 42: dni         :       0.000000
Equation number 43: dw          :       0.000000
Equation number 44: dlams       :       0.000000
Equation number 45: dlamtau     :       0.000000
Equation number 46: dlambtilde  :       0.000000
Equation number 47: dlami       :       0.000000
Equation number 48: dlamr       :       0.000000
Equation number 49: dcr         :       0.000000
Equation number 50: dnr         :       0.000000
Equation number 51: drk         :       0.000000
Equation number 52: util        :       0.000000
Equation number 53: yF          :       0.000000
Equation number 54: mcF         :       0.000000
Equation number 55: wF          :       0.000000
Equation number 56: kF          :       0.000000
Equation number 57: 57          :       0.000000
Equation number 58: nF          :       0.000000
Equation number 59: cF          :       0.000000
Equation number 60: tauF        :       0.000000
Equation number 61: sF          :       0.000000
Equation number 62: iF          :       0.000000
Equation number 63: rF          :       0.000000
Equation number 64: ddF         :       0.000000
Equation number 65: popF        :       0.000000
Equation number 66: 66          :       0.000000
Equation number 67: 67          :       0.000000
Equation number 68: 68          :       0.000000
Equation number 69: 69          :       0.000000
Equation number 70: 70          :       0.000000
Equation number 71: 71          :       0.000000
Equation number 72: lambtildeF  :       0.000000
Equation number 73: lamiF       :       0.000000
Equation number 74: 74          :       0.000000
Equation number 75: 75          :       0.000000
Equation number 76: 76          :       0.000000
Equation number 77: 77          :       0.000000
Equation number 78: rrF         :       0.000000
Equation number 79: KfF         :       0.000000
Equation number 80: FF          :       0.000000
Equation number 81: 81          :       0.000000
Equation number 82: 82          :       0.000000
Equation number 83: RbF         :       0.000000
Equation number 84: dFF         :       0.000000
Equation number 85: dKfF        :       0.000000
Equation number 86: dpieF       :       0.000000
Equation number 87: dcsF        :       0.000000
Equation number 88: dnsF        :       0.000000
Equation number 89: dciF        :       0.000000
Equation number 90: dniF        :       0.000000
Equation number 91: dwF         :       0.000000
Equation number 92: dlamsF      :       0.000000
Equation number 93: dlamtauF    :       0.000000
Equation number 94: dlambtildeF :       0.000000
Equation number 95: dlamiF      :       0.000000
Equation number 96: dlamrF      :       0.000000
Equation number 97: dcrF        :       0.000000
Equation number 98: dnrF        :       0.000000
Equation number 99: drkF        :       0.000000



STEADY-STATE RESULTS:

y           		 1162
k           		 115434
n           		 22.46
w           		 25.933
rk          		 0.00252289
x           		 221.989
c           		 701.801
s           		 1
i           		 0
r           		 0
ns          		 22.46
ni          		 22.46
nr          		 22.46
cs          		 701.801
ci          		 701.801
cr          		 701.801
tau         		 0
lambtilde   		 0.0014249
lamtau      		 -30.3686
lami        		 9920.38
lams        		 9950.74
lamr        		 9950.74
dd          		 0
pop         		 1
Rb          		 1.0006
pie         		 1
mc          		 0.75188
F           		 83.6741
Kf          		 83.6741
rr          		 1.0006
dcs         		 1
dns         		 1
dci         		 1
dni         		 1
dw          		 1
dlams       		 1
dlamtau     		 1
dlambtilde  		 1
dlami       		 1
dlamr       		 1
dcr         		 1
dnr         		 1
drk         		 1
dF          		 1
dKf         		 1
pbreve      		 1
dpie        		 1
muc         		 0
mun         		 0
mul         		 0
ro          		 0.9123
util        		 6.13868
yF          		 1162
kF          		 115434
nF          		 22.46
wF          		 25.933
rkF         		 0.00252289
xF          		 221.989
cF          		 701.801
sF          		 1
iF          		 0
rF          		 0
nsF         		 22.46
niF         		 22.46
nrF         		 22.46
csF         		 701.801
ciF         		 701.801
crF         		 701.801
tauF        		 0
lambtildeF  		 0.0014249
lamtauF     		 -30.3686
lamiF       		 9920.38
lamsF       		 9950.74
lamrF       		 9950.74
ddF         		 0
popF        		 1
RbF         		 1.0006
pieF        		 1
mcF         		 0.75188
FF          		 1.65574
KfF         		 1.65574
rrF         		 1.0006
dcsF        		 1
dnsF        		 1
dciF        		 1
dniF        		 1
dwF         		 1
dlamsF      		 1
dlamtauF    		 1
dlambtildeF 		 1
dlamiF      		 1
dlamrF      		 1
dcrF        		 1
dnrF        		 1
drkF        		 1
dFF         		 1
dKfF        		 1
pbreveF     		 1
dpieF       		 1


Residuals of the static equations:
Equation number  1: muc         :       0.000000
Equation number  2: mun         :       0.000000
Equation number  3: mul         :       0.000000
Equation number  4: ro          :       0.000000
Equation number  5: y           :       0.000000
Equation number  6: mc          :       0.000000
Equation number  7: w           :       0.000000
Equation number  8: k           :       0.000000
Equation number  9: 9           :       0.000000
Equation number 10: n           :       0.000000
Equation number 11: c           :       0.000000
Equation number 12: tau         :       0.000000
Equation number 13: s           :       0.000000
Equation number 14: i           :       0.000000
Equation number 15: r           :       0.000000
Equation number 16: dd          :       0.000000
Equation number 17: pop         :       0.000000
Equation number 18: 18          :       0.000000
Equation number 19: 19          :       0.000000
Equation number 20: 20          :       0.000000
Equation number 21: 21          :       0.000000
Equation number 22: 22          :       0.000000
Equation number 23: 23          :       0.000000
Equation number 24: lambtilde   :       0.000000
Equation number 25: lami        :       0.000000
Equation number 26: 26          :       0.000000
Equation number 27: 27          :       0.000000
Equation number 28: 28          :       0.000000
Equation number 29: 29          :       0.000000
Equation number 30: rr          :       0.000000
Equation number 31: Kf          :       0.000000
Equation number 32: F           :       0.000000
Equation number 33: 33          :       0.000000
Equation number 34: 34          :       0.000000
Equation number 35: Rb          :       0.000000
Equation number 36: dF          :       0.000000
Equation number 37: dKf         :       0.000000
Equation number 38: dpie        :       0.000000
Equation number 39: dcs         :       0.000000
Equation number 40: dns         :       0.000000
Equation number 41: dci         :       0.000000
Equation number 42: dni         :       0.000000
Equation number 43: dw          :       0.000000
Equation number 44: dlams       :       0.000000
Equation number 45: dlamtau     :       0.000000
Equation number 46: dlambtilde  :       0.000000
Equation number 47: dlami       :       0.000000
Equation number 48: dlamr       :       0.000000
Equation number 49: dcr         :       0.000000
Equation number 50: dnr         :       0.000000
Equation number 51: drk         :       0.000000
Equation number 52: util        :       0.000000
Equation number 53: yF          :       0.000000
Equation number 54: mcF         :       0.000000
Equation number 55: wF          :       0.000000
Equation number 56: kF          :       0.000000
Equation number 57: 57          :       0.000000
Equation number 58: nF          :       0.000000
Equation number 59: cF          :       0.000000
Equation number 60: tauF        :       0.000000
Equation number 61: sF          :       0.000000
Equation number 62: iF          :       0.000000
Equation number 63: rF          :       0.000000
Equation number 64: ddF         :       0.000000
Equation number 65: popF        :       0.000000
Equation number 66: 66          :       0.000000
Equation number 67: 67          :       0.000000
Equation number 68: 68          :       0.000000
Equation number 69: 69          :       0.000000
Equation number 70: 70          :       0.000000
Equation number 71: 71          :       0.000000
Equation number 72: lambtildeF  :       0.000000
Equation number 73: lamiF       :       0.000000
Equation number 74: 74          :       0.000000
Equation number 75: 75          :       0.000000
Equation number 76: 76          :       0.000000
Equation number 77: 77          :       0.000000
Equation number 78: rrF         :       0.000000
Equation number 79: KfF         :       0.000000
Equation number 80: FF          :       0.000000
Equation number 81: 81          :       0.000000
Equation number 82: 82          :       0.000000
Equation number 83: RbF         :       0.000000
Equation number 84: dFF         :       0.000000
Equation number 85: dKfF        :       0.000000
Equation number 86: dpieF       :       0.000000
Equation number 87: dcsF        :       0.000000
Equation number 88: dnsF        :       0.000000
Equation number 89: dciF        :       0.000000
Equation number 90: dniF        :       0.000000
Equation number 91: dwF         :       0.000000
Equation number 92: dlamsF      :       0.000000
Equation number 93: dlamtauF    :       0.000000
Equation number 94: dlambtildeF :       0.000000
Equation number 95: dlamiF      :       0.000000
Equation number 96: dlamrF      :       0.000000
Equation number 97: dcrF        :       0.000000
Equation number 98: dnrF        :       0.000000
Equation number 99: drkF        :       0.000000



--------------------------------------------------------
MODEL SIMULATION:

Iter: 1,	 err. = 13.6697,	 time = 0.523
Iter: 2,	 err. = 4.82352,	 time = 0.089
Iter: 3,	 err. = 0.0545327,	 time = 0.106
Iter: 4,	 err. = 0.00015256,	 time = 0.142
Iter: 5,	 err. = 1.20736e-10,	 time = 0.112

Total time of simulation: 1.986.
--------------------------------------------------------


Perfect foresight solution found.

pi3_final_step =
   0.141731011437082

--------------------------------------------------------
MODEL SIMULATION:

Iter: 1,	 err. = 1.20736e-10,	 time = 0.15

Total time of simulation: 0.152.
--------------------------------------------------------

pi3_final_step =
   0.148731011437082

--------------------------------------------------------
MODEL SIMULATION:

Iter: 1,	 err. = 5.61151e-05,	 time = 0.121
Iter: 2,	 err. = 5.90043e-07,	 time = 0.161

Total time of simulation: 0.66.
--------------------------------------------------------

pi3_final_step =
   0.155731011437082

--------------------------------------------------------
MODEL SIMULATION:

Iter: 1,	 err. = 5.65574e-05,	 time = 0.123
Iter: 2,	 err. = 6.61892e-07,	 time = 0.098

Total time of simulation: 0.543.
--------------------------------------------------------

pi3_final_step =
   0.162731011437082

--------------------------------------------------------
MODEL SIMULATION:

Iter: 1,	 err. = 5.70005e-05,	 time = 0.071
Iter: 2,	 err. = 7.42228e-07,	 time = 0.059

Total time of simulation: 0.29.
--------------------------------------------------------

pi3_final_step =
   0.169731011437082

--------------------------------------------------------
MODEL SIMULATION:

Iter: 1,	 err. = 5.74433e-05,	 time = 0.056
Iter: 2,	 err. = 8.31924e-07,	 time = 0.047

Total time of simulation: 0.272.
--------------------------------------------------------

pi3_final_step =
   0.176731011437082

--------------------------------------------------------
MODEL SIMULATION:

Iter: 1,	 err. = 5.78859e-05,	 time = 0.069
Iter: 2,	 err. = 9.32021e-07,	 time = 0.061

Total time of simulation: 0.299.
--------------------------------------------------------

pi3_final_step =
   0.183731011437082

--------------------------------------------------------
MODEL SIMULATION:

Iter: 1,	 err. = 5.83282e-05,	 time = 0.066
Iter: 2,	 err. = 1.04367e-06,	 time = 0.07

Total time of simulation: 0.306.
--------------------------------------------------------

pi3_final_step =
   0.190731011437082

--------------------------------------------------------
MODEL SIMULATION:

Iter: 1,	 err. = 5.87702e-05,	 time = 0.058
Iter: 2,	 err. = 1.16814e-06,	 time = 0.06

Total time of simulation: 0.287.
--------------------------------------------------------

pi3_final_step =
   0.197731011437082

--------------------------------------------------------
MODEL SIMULATION:

Iter: 1,	 err. = 5.92118e-05,	 time = 0.055
Iter: 2,	 err. = 1.30683e-06,	 time = 0.057

Total time of simulation: 0.313.
--------------------------------------------------------

pi3_final_step =
   0.204731011437082

--------------------------------------------------------
MODEL SIMULATION:

Iter: 1,	 err. = 5.9653e-05,	 time = 0.089
Iter: 2,	 err. = 1.46128e-06,	 time = 0.062

Total time of simulation: 0.305.
--------------------------------------------------------

pi3_final_step =
   0.211731011437082

--------------------------------------------------------
MODEL SIMULATION:

Iter: 1,	 err. = 6.00937e-05,	 time = 0.069
Iter: 2,	 err. = 1.6332e-06,	 time = 0.047

Total time of simulation: 0.285.
--------------------------------------------------------

pi3_final_step =
   0.218731011437082

--------------------------------------------------------
MODEL SIMULATION:

Iter: 1,	 err. = 6.0534e-05,	 time = 0.069
Iter: 2,	 err. = 1.82446e-06,	 time = 0.057

Total time of simulation: 0.292.
--------------------------------------------------------

pi3_final_step =
   0.225731011437082

--------------------------------------------------------
MODEL SIMULATION:

Iter: 1,	 err. = 6.09737e-05,	 time = 0.051
Iter: 2,	 err. = 2.03712e-06,	 time = 0.047

Total time of simulation: 0.27.
--------------------------------------------------------

pi3_final_step =
   0.232731011437082

--------------------------------------------------------
MODEL SIMULATION:

Iter: 1,	 err. = 6.14128e-05,	 time = 0.057
Iter: 2,	 err. = 2.27345e-06,	 time = 0.05

Total time of simulation: 0.272.
--------------------------------------------------------

pi3_final_step =
   0.239731011437082

--------------------------------------------------------
MODEL SIMULATION:

Iter: 1,	 err. = 6.18511e-05,	 time = 0.063
Iter: 2,	 err. = 2.53592e-06,	 time = 0.068

Total time of simulation: 0.285.
--------------------------------------------------------

pi3_final_step =
   0.246731011437082

--------------------------------------------------------
MODEL SIMULATION:

Iter: 1,	 err. = 6.22886e-05,	 time = 0.063
Iter: 2,	 err. = 2.82725e-06,	 time = 0.046

Total time of simulation: 0.285.
--------------------------------------------------------

pi3_final_step =
   0.253731011437082

--------------------------------------------------------
MODEL SIMULATION:

Iter: 1,	 err. = 6.2725e-05,	 time = 0.063
Iter: 2,	 err. = 3.15035e-06,	 time = 0.05

Total time of simulation: 0.279.
--------------------------------------------------------

pi3_final_step =
   0.260731011437082

--------------------------------------------------------
MODEL SIMULATION:

Iter: 1,	 err. = 6.31601e-05,	 time = 0.069
Iter: 2,	 err. = 3.50713e-06,	 time = 0.063

Total time of simulation: 0.285.
--------------------------------------------------------

pi3_final_step =
   0.267731011437082

--------------------------------------------------------
MODEL SIMULATION:

Iter: 1,	 err. = 6.3597e-05,	 time = 0.053
Iter: 2,	 err. = 3.86306e-06,	 time = 0.07

Total time of simulation: 0.285.
--------------------------------------------------------

pi3_final_step =
   0.274731011437082

--------------------------------------------------------
MODEL SIMULATION:

Iter: 1,	 err. = 6.785e-05,	 time = 0.086
Iter: 2,	 err. = 0.000107936,	 time = 0.103
Iter: 3,	 err. = 4.85533e-07,	 time = 0.095

Total time of simulation: 0.727.
--------------------------------------------------------

pi3_final_step =
   0.281731011437082

--------------------------------------------------------
MODEL SIMULATION:

Iter: 1,	 err. = 7.16704e-05,	 time = 0.085
Iter: 2,	 err. = 0.0358171,	 time = 0.057
Iter: 3,	 err. = 0.00390699,	 time = 0.059
Iter: 4,	 err. = 1.88943e-05,	 time = 0.062
Iter: 5,	 err. = 3.89134e-10,	 time = 0.062

Total time of simulation: 0.987.
--------------------------------------------------------

pi3_final_step =
   0.288731011437082

--------------------------------------------------------
MODEL SIMULATION:

Iter: 1,	 err. = 7.14796e-05,	 time = 0.069
Iter: 2,	 err. = 2.42264,	 time = 0.047
Iter: 3,	 err. = 0.549121,	 time = 0.057
Iter: 4,	 err. = 2.9182,	 time = 0.056
Iter: 5,	 err. = 6411.95,	 time = 0.069
Iter: 6,	 err. = 1.02663,	 time = 0.067
Iter: 7,	 err. = 0.00385213,	 time = 0.1
Iter: 8,	 err. = 2.91038e-11,	 time = 0.084

Total time of simulation: 1.772.
--------------------------------------------------------

pi3_final_step =
   0.295731011437082

--------------------------------------------------------
MODEL SIMULATION:

Iter: 1,	 err. = 0.000152631,	 time = 0.1
Iter: 2,	 err. = 3.79224,	 time = 0.091
Iter: 3,	 err. = 0.917111,	 time = 0.054
Iter: 4,	 err. = 0.163457,	 time = 0.053
Iter: 5,	 err. = 0.145391,	 time = 0.059
Iter: 6,	 err. = 0.00583095,	 time = 0.069
Iter: 7,	 err. = 3.6489e-05,	 time = 0.047
Iter: 8,	 err. = 1.22782e-09,	 time = 0.069

Total time of simulation: 1.741.
--------------------------------------------------------

pi3_final_step =
   0.302731011437082

--------------------------------------------------------
MODEL SIMULATION:

Iter: 1,	 err. = 0.000339626,	 time = 0.062
Iter: 2,	 err. = 3.38546,	 time = 0.063
Iter: 3,	 err. = 0.557502,	 time = 0.069
Iter: 4,	 err. = 36.1189,	 time = 0.053
Iter: 5,	 err. = 1.858e+06,	 time = 0.1
Iter: 6,	 err. = 1.57652,	 time = 0.1
Iter: 7,	 err. = 0.00493232,	 time = 0.086
Iter: 8,	 err. = 2.91038e-11,	 time = 0.047

Total time of simulation: 1.864.
--------------------------------------------------------

pi3_final_step =
   0.309731011437082

--------------------------------------------------------
MODEL SIMULATION:

Iter: 1,	 err. = 0.000516737,	 time = 0.055
Iter: 2,	 err. = 2.21807,	 time = 0.062
Iter: 3,	 err. = 0.714019,	 time = 0.055
Iter: 4,	 err. = 0.091624,	 time = 0.053
Iter: 5,	 err. = 0.00613175,	 time = 0.069
Iter: 6,	 err. = 1.24864e-05,	 time = 0.062
Iter: 7,	 err. = 5.13865e-11,	 time = 0.063

Total time of simulation: 1.399.
--------------------------------------------------------

pi3_final_step =
   0.316731011437082

--------------------------------------------------------
MODEL SIMULATION:

Iter: 1,	 err. = 0.000687369,	 time = 0.07
Iter: 2,	 err. = 1.7788,	 time = 0.058
Iter: 3,	 err. = 0.49621,	 time = 0.085
Iter: 4,	 err. = 0.0707965,	 time = 0.101
Iter: 5,	 err. = 0.00163742,	 time = 0.212
Iter: 6,	 err. = 6.94673e-07,	 time = 0.068

Total time of simulation: 1.647.
--------------------------------------------------------

pi3_final_step =
   0.323731011437082

--------------------------------------------------------
MODEL SIMULATION:

Iter: 1,	 err. = 0.000868152,	 time = 0.075
Iter: 2,	 err. = 1.54697,	 time = 0.058
Iter: 3,	 err. = 0.408892,	 time = 0.06
Iter: 4,	 err. = 0.0440208,	 time = 0.069
Iter: 5,	 err. = 0.000467795,	 time = 0.078
Iter: 6,	 err. = 4.28317e-08,	 time = 0.054

Total time of simulation: 1.324.
--------------------------------------------------------

pi3_final_step =
   0.330731011437083

--------------------------------------------------------
MODEL SIMULATION:

Iter: 1,	 err. = 0.00105962,	 time = 0.054
Iter: 2,	 err. = 1.38839,	 time = 0.073
Iter: 3,	 err. = 0.345314,	 time = 0.047
Iter: 4,	 err. = 0.0271743,	 time = 0.085
Iter: 5,	 err. = 0.000140706,	 time = 0.13
Iter: 6,	 err. = 3.02498e-09,	 time = 0.062

Total time of simulation: 1.54.
--------------------------------------------------------

pi3_final_step =
   0.337731011437082

--------------------------------------------------------
MODEL SIMULATION:

Iter: 1,	 err. = 0.00125941,	 time = 0.063
Iter: 2,	 err. = 1.26496,	 time = 0.069
Iter: 3,	 err. = 0.29281,	 time = 0.065
Iter: 4,	 err. = 0.0169675,	 time = 0.061
Iter: 5,	 err. = 4.45405e-05,	 time = 0.063
Iter: 6,	 err. = 2.45223e-10,	 time = 0.047

Total time of simulation: 1.552.
--------------------------------------------------------

pi3_final_step =
   0.344731011437082

--------------------------------------------------------
MODEL SIMULATION:

Iter: 1,	 err. = 0.00146447,	 time = 0.065
Iter: 2,	 err. = 1.15865,	 time = 0.06
Iter: 3,	 err. = 0.248192,	 time = 0.182
Iter: 4,	 err. = 0.0106963,	 time = 0.079
Iter: 5,	 err. = 1.47847e-05,	 time = 0.115
Iter: 6,	 err. = 2.91038e-11,	 time = 0.067

Total time of simulation: 2.075.
--------------------------------------------------------

pi3_final_step =
   0.351731011437082

--------------------------------------------------------
MODEL SIMULATION:

Iter: 1,	 err. = 0.00167113,	 time = 0.069
Iter: 2,	 err. = 1.06096,	 time = 0.06
Iter: 3,	 err. = 0.209347,	 time = 0.047
Iter: 4,	 err. = 0.006796,	 time = 0.045
Iter: 5,	 err. = 5.1276e-06,	 time = 0.1

Total time of simulation: 1.08.
--------------------------------------------------------

pi3_final_step =
   0.358731011437082

--------------------------------------------------------
MODEL SIMULATION:

Iter: 1,	 err. = 0.00187551,	 time = 0.101
Iter: 2,	 err. = 0.965972,	 time = 0.184
Iter: 3,	 err. = 0.175678,	 time = 0.108
Iter: 4,	 err. = 0.00434655,	 time = 0.168
Iter: 5,	 err. = 1.84144e-06,	 time = 0.057

Total time of simulation: 1.69.
--------------------------------------------------------

pi3_final_step =
   0.365731011437082

--------------------------------------------------------
MODEL SIMULATION:

Iter: 1,	 err. = 0.00207361,	 time = 0.064
Iter: 2,	 err. = 0.871608,	 time = 0.082
Iter: 3,	 err. = 0.145666,	 time = 0.077
Iter: 4,	 err. = 0.0027784,	 time = 0.083
Iter: 5,	 err. = 6.76841e-07,	 time = 0.074

Total time of simulation: 1.09.
--------------------------------------------------------

pi3_final_step =
   0.372731011437082

--------------------------------------------------------
MODEL SIMULATION:

Iter: 1,	 err. = 0.00226181,	 time = 0.062
Iter: 2,	 err. = 0.774205,	 time = 0.064
Iter: 3,	 err. = 0.119572,	 time = 0.15
Iter: 4,	 err. = 0.00177014,	 time = 0.116
Iter: 5,	 err. = 2.52788e-07,	 time = 0.119

Total time of simulation: 1.483.
--------------------------------------------------------

pi3_final_step =
   0.379731011437082

--------------------------------------------------------
MODEL SIMULATION:

Iter: 1,	 err. = 0.00243487,	 time = 0.108
Iter: 2,	 err. = 0.676219,	 time = 0.057
Iter: 3,	 err. = 0.0964337,	 time = 0.066
Iter: 4,	 err. = 0.00111797,	 time = 0.059
Iter: 5,	 err. = 9.52575e-08,	 time = 0.069

Total time of simulation: 1.082.
--------------------------------------------------------

pi3_final_step =
   0.386731011437082

--------------------------------------------------------
MODEL SIMULATION:

Iter: 1,	 err. = 0.00258785,	 time = 0.077
Iter: 2,	 err. = 0.576146,	 time = 0.059
Iter: 3,	 err. = 0.0761342,	 time = 0.069
Iter: 4,	 err. = 0.00069983,	 time = 0.052
Iter: 5,	 err. = 3.57181e-08,	 time = 0.069

Total time of simulation: 1.017.
--------------------------------------------------------

pi3_final_step =
   0.393731011437082

--------------------------------------------------------
MODEL SIMULATION:

Iter: 1,	 err. = 0.0027161,	 time = 0.089
Iter: 2,	 err. = 0.475351,	 time = 0.062
Iter: 3,	 err. = 0.0584934,	 time = 0.06
Iter: 4,	 err. = 0.000428259,	 time = 0.065
Iter: 5,	 err. = 1.33086e-08,	 time = 0.046

Total time of simulation: 1.033.
--------------------------------------------------------

pi3_final_step =
   0.400731011437082

--------------------------------------------------------
MODEL SIMULATION:

Iter: 1,	 err. = 0.00281404,	 time = 0.059
Iter: 2,	 err. = 0.377033,	 time = 0.074
Iter: 3,	 err. = 0.0436558,	 time = 0.061
Iter: 4,	 err. = 0.000256122,	 time = 0.062
Iter: 5,	 err. = 4.83942e-09,	 time = 0.055

Total time of simulation: 0.978.
--------------------------------------------------------

pi3_final_step =
   0.407731011437082

--------------------------------------------------------
MODEL SIMULATION:

Iter: 1,	 err. = 0.00287933,	 time = 0.046
Iter: 2,	 err. = 0.28363,	 time = 0.066
Iter: 3,	 err. = 0.0312065,	 time = 0.056
Iter: 4,	 err. = 0.000148711,	 time = 0.064
Iter: 5,	 err. = 1.71667e-09,	 time = 0.105

Total time of simulation: 1.148.
--------------------------------------------------------

pi3_final_step =
   0.414731011437082

--------------------------------------------------------
MODEL SIMULATION:

Iter: 1,	 err. = 0.00290714,	 time = 0.129
Iter: 2,	 err. = 0.19871,	 time = 0.133
Iter: 3,	 err. = 0.0212706,	 time = 0.056
Iter: 4,	 err. = 8.24597e-05,	 time = 0.047
Iter: 5,	 err. = 5.7662e-10,	 time = 0.074

Total time of simulation: 1.284.
--------------------------------------------------------

pi3_final_step =
   0.421731011437082

--------------------------------------------------------
MODEL SIMULATION:

Iter: 1,	 err. = 0.00289403,	 time = 0.084
Iter: 2,	 err. = 0.125896,	 time = 0.07
Iter: 3,	 err. = 0.0135861,	 time = 0.077
Iter: 4,	 err. = 4.27993e-05,	 time = 0.067
Iter: 5,	 err. = 1.78943e-10,	 time = 0.066

Total time of simulation: 1.142.
--------------------------------------------------------

pi3_final_step =
   0.425193034311247

--------------------------------------------------------
MODEL SIMULATION:

Iter: 1,	 err. = 0.00140301,	 time = 0.051
Iter: 2,	 err. = 0.0130693,	 time = 0.095
Iter: 3,	 err. = 0.000427928,	 time = 0.098
Iter: 4,	 err. = 6.12509e-08,	 time = 0.108

Total time of simulation: 1.105.
--------------------------------------------------------

xi_final_step =
   0.817333333333333

--------------------------------------------------------
MODEL SIMULATION:

Iter: 1,	 err. = 6.12509e-08,	 time = 0.119

Total time of simulation: 0.135.
--------------------------------------------------------

xi_final_step =
   0.822333333333333

--------------------------------------------------------
MODEL SIMULATION:

Iter: 1,	 err. = 0.0451249,	 time = 0.147
Iter: 2,	 err. = 0.000131329,	 time = 0.054
Iter: 3,	 err. = 2.91038e-11,	 time = 0.066

Total time of simulation: 0.827.
--------------------------------------------------------

xi_final_step =
   0.827333333333333

--------------------------------------------------------
MODEL SIMULATION:

Iter: 1,	 err. = 0.0463906,	 time = 0.077
Iter: 2,	 err. = 0.00013964,	 time = 0.183
Iter: 3,	 err. = 2.91038e-11,	 time = 0.069

Total time of simulation: 0.816.
--------------------------------------------------------

xi_final_step =
   0.832333333333333

--------------------------------------------------------
MODEL SIMULATION:

Iter: 1,	 err. = 0.0477293,	 time = 0.069
Iter: 2,	 err. = 0.000148673,	 time = 0.072
Iter: 3,	 err. = 3.9563e-11,	 time = 0.152

Total time of simulation: 0.819.
--------------------------------------------------------

xi_final_step =
   0.837333333333333

--------------------------------------------------------
MODEL SIMULATION:

Iter: 1,	 err. = 0.0491475,	 time = 0.146
Iter: 2,	 err. = 0.000158509,	 time = 0.149
Iter: 3,	 err. = 5.63887e-11,	 time = 0.064

Total time of simulation: 1.054.
--------------------------------------------------------

xi_final_step =
   0.842333333333333

--------------------------------------------------------
MODEL SIMULATION:

Iter: 1,	 err. = 0.0506526,	 time = 0.077
Iter: 2,	 err. = 0.000169243,	 time = 0.074
Iter: 3,	 err. = 8.00355e-11,	 time = 0.123

Total time of simulation: 0.703.
--------------------------------------------------------

xi_final_step =
   0.847333333333333

--------------------------------------------------------
MODEL SIMULATION:

Iter: 1,	 err. = 0.0522529,	 time = 0.103
Iter: 2,	 err. = 0.000180983,	 time = 0.061
Iter: 3,	 err. = 1.14142e-10,	 time = 0.077

Total time of simulation: 0.668.
--------------------------------------------------------

xi_final_step =
   0.852333333333333

--------------------------------------------------------
MODEL SIMULATION:

Iter: 1,	 err. = 0.0539575,	 time = 0.069
Iter: 2,	 err. = 0.000193855,	 time = 0.13
Iter: 3,	 err. = 1.64619e-10,	 time = 0.145

Total time of simulation: 1.083.
--------------------------------------------------------

xi_final_step =
   0.857333333333333

--------------------------------------------------------
MODEL SIMULATION:

Iter: 1,	 err. = 0.0557771,	 time = 0.105
Iter: 2,	 err. = 0.000208004,	 time = 0.094
Iter: 3,	 err. = 2.39652e-10,	 time = 0.116

Total time of simulation: 0.868.
--------------------------------------------------------

xi_final_step =
   0.862333333333333

--------------------------------------------------------
MODEL SIMULATION:

Iter: 1,	 err. = 0.0577238,	 time = 0.087
Iter: 2,	 err. = 0.000223603,	 time = 0.125
Iter: 3,	 err. = 3.52657e-10,	 time = 0.073

Total time of simulation: 0.731.
--------------------------------------------------------

xi_final_step =
   0.867333333333333

--------------------------------------------------------
MODEL SIMULATION:

Iter: 1,	 err. = 0.0598112,	 time = 0.065
Iter: 2,	 err. = 0.000240851,	 time = 0.065
Iter: 3,	 err. = 5.22732e-10,	 time = 0.14

Total time of simulation: 0.712.
--------------------------------------------------------

xi_final_step =
   0.872333333333333

--------------------------------------------------------
MODEL SIMULATION:

Iter: 1,	 err. = 0.0620552,	 time = 0.134
Iter: 2,	 err. = 0.00025999,	 time = 0.116
Iter: 3,	 err. = 7.83302e-10,	 time = 0.08

Total time of simulation: 0.951.
--------------------------------------------------------

xi_final_step =
   0.877333333333333

--------------------------------------------------------
MODEL SIMULATION:

Iter: 1,	 err. = 0.0644742,	 time = 0.077
Iter: 2,	 err. = 0.000281305,	 time = 0.068
Iter: 3,	 err. = 1.1853e-09,	 time = 0.069

Total time of simulation: 0.61.
--------------------------------------------------------

xi_final_step =
   0.882333333333333

--------------------------------------------------------
MODEL SIMULATION:

Iter: 1,	 err. = 0.0670895,	 time = 0.066
Iter: 2,	 err. = 0.000305143,	 time = 0.066
Iter: 3,	 err. = 1.81467e-09,	 time = 0.068

Total time of simulation: 0.617.
--------------------------------------------------------

xi_final_step =
   0.887333333333333

--------------------------------------------------------
MODEL SIMULATION:

Iter: 1,	 err. = 0.0699259,	 time = 0.078
Iter: 2,	 err. = 0.000331929,	 time = 0.063
Iter: 3,	 err. = 2.80852e-09,	 time = 0.152

Total time of simulation: 0.693.
--------------------------------------------------------

xi_final_step =
   0.892333333333333

--------------------------------------------------------
MODEL SIMULATION:

Iter: 1,	 err. = 0.0730127,	 time = 0.128
Iter: 2,	 err. = 0.000362187,	 time = 0.115
Iter: 3,	 err. = 4.39809e-09,	 time = 0.123

Total time of simulation: 0.963.
--------------------------------------------------------

xi_final_step =
   0.897333333333333

--------------------------------------------------------
MODEL SIMULATION:

Iter: 1,	 err. = 0.0763846,	 time = 0.067
Iter: 2,	 err. = 0.000396573,	 time = 0.069
Iter: 3,	 err. = 6.96946e-09,	 time = 0.069

Total time of simulation: 0.57.
--------------------------------------------------------

xi_final_step =
   0.902333333333333

--------------------------------------------------------
MODEL SIMULATION:

Iter: 1,	 err. = 0.0800831,	 time = 0.067
Iter: 2,	 err. = 0.000435921,	 time = 0.069
Iter: 3,	 err. = 1.11809e-08,	 time = 0.063

Total time of simulation: 0.562.
--------------------------------------------------------

xi_final_step =
   0.907333333333333

--------------------------------------------------------
MODEL SIMULATION:

Iter: 1,	 err. = 0.084158,	 time = 0.061
Iter: 2,	 err. = 0.000481309,	 time = 0.062
Iter: 3,	 err. = 1.81653e-08,	 time = 0.065

Total time of simulation: 0.541.
--------------------------------------------------------

xi_final_step =
   0.912333333333333

--------------------------------------------------------
MODEL SIMULATION:

Iter: 1,	 err. = 0.0886698,	 time = 0.074
Iter: 2,	 err. = 0.00053415,	 time = 0.11
Iter: 3,	 err. = 2.98937e-08,	 time = 0.14

Total time of simulation: 0.888.
--------------------------------------------------------

xi_final_step =
   0.917333333333333

--------------------------------------------------------
MODEL SIMULATION:

Iter: 1,	 err. = 0.0936928,	 time = 0.109
Iter: 2,	 err. = 0.000596339,	 time = 0.058
Iter: 3,	 err. = 4.9838e-08,	 time = 0.051

Total time of simulation: 0.707.
--------------------------------------------------------

xi_final_step =
   0.922333333333333

--------------------------------------------------------
MODEL SIMULATION:

Iter: 1,	 err. = 0.0993191,	 time = 0.058
Iter: 2,	 err. = 0.00067047,	 time = 0.054
Iter: 3,	 err. = 8.41751e-08,	 time = 0.068

Total time of simulation: 0.523.
--------------------------------------------------------

xi_final_step =
   0.927333333333333

--------------------------------------------------------
MODEL SIMULATION:

Iter: 1,	 err. = 0.105664,	 time = 0.058
Iter: 2,	 err. = 0.000760177,	 time = 0.053
Iter: 3,	 err. = 1.43994e-07,	 time = 0.045

Total time of simulation: 0.531.
--------------------------------------------------------

xi_final_step =
   0.932333333333333

--------------------------------------------------------
MODEL SIMULATION:

Iter: 1,	 err. = 0.112876,	 time = 0.063
Iter: 2,	 err. = 0.000870689,	 time = 0.076
Iter: 3,	 err. = 2.49329e-07,	 time = 0.135

Total time of simulation: 0.622.
--------------------------------------------------------

xi_final_step =
   0.937333333333333

--------------------------------------------------------
MODEL SIMULATION:

Iter: 1,	 err. = 0.121143,	 time = 0.161
Iter: 2,	 err. = 0.00100976,	 time = 0.124
Iter: 3,	 err. = 4.36414e-07,	 time = 0.085

Total time of simulation: 0.969.
--------------------------------------------------------

xi_final_step =
   0.942333333333333

--------------------------------------------------------
MODEL SIMULATION:

Iter: 1,	 err. = 0.130718,	 time = 0.069
Iter: 2,	 err. = 0.00118924,	 time = 0.068
Iter: 3,	 err. = 8.62148e-07,	 time = 0.063

Total time of simulation: 0.548.
--------------------------------------------------------

xi_final_step =
   0.947333333333333

--------------------------------------------------------
MODEL SIMULATION:

Iter: 1,	 err. = 0.141937,	 time = 0.063
Iter: 2,	 err. = 0.00142796,	 time = 0.058
Iter: 3,	 err. = 1.96045e-06,	 time = 0.063

Total time of simulation: 0.55.
--------------------------------------------------------

xi_final_step =
   0.952333333333333

--------------------------------------------------------
MODEL SIMULATION:

Iter: 1,	 err. = 0.155262,	 time = 0.046
Iter: 2,	 err. = 0.00206775,	 time = 0.059
Iter: 3,	 err. = 4.43853e-06,	 time = 0.047

Total time of simulation: 0.51.
--------------------------------------------------------

xi_final_step =
   0.957333333333333

--------------------------------------------------------
MODEL SIMULATION:

Iter: 1,	 err. = 0.17135,	 time = 0.062
Iter: 2,	 err. = 0.00322772,	 time = 0.081
Iter: 3,	 err. = 9.88264e-06,	 time = 0.07

Total time of simulation: 0.554.
--------------------------------------------------------

xi_final_step =
   0.962333333333333

--------------------------------------------------------
MODEL SIMULATION:

Iter: 1,	 err. = 0.191158,	 time = 0.062
Iter: 2,	 err. = 0.005285,	 time = 0.048
Iter: 3,	 err. = 2.51774e-05,	 time = 0.042
Iter: 4,	 err. = 2.91038e-11,	 time = 0.055

Total time of simulation: 0.741.
--------------------------------------------------------

xi_final_step =
   0.967333333333333

--------------------------------------------------------
MODEL SIMULATION:

Iter: 1,	 err. = 0.21615,	 time = 0.057
Iter: 2,	 err. = 0.00881372,	 time = 0.047
Iter: 3,	 err. = 6.6943e-05,	 time = 0.053
Iter: 4,	 err. = 2.91038e-11,	 time = 0.056

Total time of simulation: 0.758.
--------------------------------------------------------

xi_final_step =
   0.972333333333333

--------------------------------------------------------
MODEL SIMULATION:

Iter: 1,	 err. = 0.248674,	 time = 0.063
Iter: 2,	 err. = 0.0153087,	 time = 0.051
Iter: 3,	 err. = 0.000204726,	 time = 0.058
Iter: 4,	 err. = 1.94632e-10,	 time = 0.044

Total time of simulation: 0.745.
--------------------------------------------------------

xi_final_step =
   0.977333333333333

--------------------------------------------------------
MODEL SIMULATION:

Iter: 1,	 err. = 0.292755,	 time = 0.056
Iter: 2,	 err. = 0.0273482,	 time = 0.054
Iter: 3,	 err. = 0.000693582,	 time = 0.112
Iter: 4,	 err. = 4.52701e-09,	 time = 0.083

Total time of simulation: 0.901.
--------------------------------------------------------


--------------------------------------------------------
MODEL SIMULATION:

Iter: 1,	 err. = 0.246791,	 time = 0.095
Iter: 2,	 err. = 0.0288807,	 time = 0.097
Iter: 3,	 err. = 0.000432112,	 time = 0.053
Iter: 4,	 err. = 2.53817e-09,	 time = 0.047

Total time of simulation: 0.86.
--------------------------------------------------------

Total computing time : 0h01m06s
Note: 1 warning(s) encountered in the preprocessor
